ARM Linker, 4.1 [Build 481] [Professional]

==============================================================================

Section Cross References

    startup_stm32f10x_hd.o(RESET) refers to startup_stm32f10x_hd.o(STACK) for __initial_sp
    startup_stm32f10x_hd.o(RESET) refers to startup_stm32f10x_hd.o(.text) for Reset_Handler
    startup_stm32f10x_hd.o(RESET) refers to stm32f10x_it.o(i.NMI_Handler) for NMI_Handler
    startup_stm32f10x_hd.o(RESET) refers to stm32f10x_it.o(i.HardFault_Handler) for HardFault_Handler
    startup_stm32f10x_hd.o(RESET) refers to stm32f10x_it.o(i.MemManage_Handler) for MemManage_Handler
    startup_stm32f10x_hd.o(RESET) refers to stm32f10x_it.o(i.BusFault_Handler) for BusFault_Handler
    startup_stm32f10x_hd.o(RESET) refers to stm32f10x_it.o(i.UsageFault_Handler) for UsageFault_Handler
    startup_stm32f10x_hd.o(RESET) refers to stm32f10x_it.o(i.SVC_Handler) for SVC_Handler
    startup_stm32f10x_hd.o(RESET) refers to stm32f10x_it.o(i.DebugMon_Handler) for DebugMon_Handler
    startup_stm32f10x_hd.o(RESET) refers to os_cpu_a.o(.text) for OS_CPU_PendSVHandler
    startup_stm32f10x_hd.o(RESET) refers to stm32f10x_it.o(i.SysTick_Handler) for SysTick_Handler
    startup_stm32f10x_hd.o(RESET) refers to stm32f10x_it.o(i.USB_LP_CAN1_RX0_IRQHandler) for USB_LP_CAN1_RX0_IRQHandler
    startup_stm32f10x_hd.o(RESET) refers to stm32f10x_it.o(i.TIM2_IRQHandler) for TIM2_IRQHandler
    startup_stm32f10x_hd.o(RESET) refers to stm32f10x_it.o(i.TIM3_IRQHandler) for TIM3_IRQHandler
    startup_stm32f10x_hd.o(RESET) refers to stm32f10x_it.o(i.TIM4_IRQHandler) for TIM4_IRQHandler
    startup_stm32f10x_hd.o(RESET) refers to stm32f10x_it.o(i.USART3_IRQHandler) for USART3_IRQHandler
    startup_stm32f10x_hd.o(RESET) refers to stm32f10x_it.o(i.EXTI15_10_IRQHandler) for EXTI15_10_IRQHandler
    startup_stm32f10x_hd.o(.text) refers to system_stm32f10x.o(i.SystemInit) for SystemInit
    startup_stm32f10x_hd.o(.text) refers to entry.o(.ARM.Collect$$$$00000000) for __main
    main.o(i.main) refers to bsp.o(i.BSP_Init) for BSP_Init
    main.o(i.main) refers to os_core.o(i.OSInit) for OSInit
    main.o(i.main) refers to os_task.o(i.OSTaskCreate) for OSTaskCreate
    main.o(i.main) refers to os_core.o(i.OSStart) for OSStart
    main.o(i.main) refers to main.o(.bss) for startup_task_stk
    main.o(i.main) refers to app.o(i.Task_Start) for Task_Start
    stm32f10x_it.o(i.EXTI15_10_IRQHandler) refers to os_core.o(i.OSIntEnter) for OSIntEnter
    stm32f10x_it.o(i.EXTI15_10_IRQHandler) refers to stm32f10x_exti.o(i.EXTI_GetFlagStatus) for EXTI_GetFlagStatus
    stm32f10x_it.o(i.EXTI15_10_IRQHandler) refers to stm32f10x_gpio.o(i.GPIO_SetBits) for GPIO_SetBits
    stm32f10x_it.o(i.EXTI15_10_IRQHandler) refers to stm32f10x_gpio.o(i.GPIO_ResetBits) for GPIO_ResetBits
    stm32f10x_it.o(i.EXTI15_10_IRQHandler) refers to os_task.o(i.OSTaskResume) for OSTaskResume
    stm32f10x_it.o(i.EXTI15_10_IRQHandler) refers to stm32f10x_exti.o(i.EXTI_ClearITPendingBit) for EXTI_ClearITPendingBit
    stm32f10x_it.o(i.EXTI15_10_IRQHandler) refers to os_core.o(i.OSIntExit) for OSIntExit
    stm32f10x_it.o(i.SysTick_Handler) refers to os_core.o(i.OSIntEnter) for OSIntEnter
    stm32f10x_it.o(i.SysTick_Handler) refers to os_core.o(i.OSTimeTick) for OSTimeTick
    stm32f10x_it.o(i.SysTick_Handler) refers to os_core.o(i.OSIntExit) for OSIntExit
    stm32f10x_it.o(i.TIM2_IRQHandler) refers to os_core.o(i.OSIntEnter) for OSIntEnter
    stm32f10x_it.o(i.TIM2_IRQHandler) refers to stm32f10x_tim.o(i.TIM_GetITStatus) for TIM_GetITStatus
    stm32f10x_it.o(i.TIM2_IRQHandler) refers to os_core.o(i.OSIntExit) for OSIntExit
    stm32f10x_it.o(i.TIM2_IRQHandler) refers to stm32f10x_it.o(.data) for num
    stm32f10x_it.o(i.TIM2_IRQHandler) refers to tcs230.o(.bss) for TCS230_Period
    stm32f10x_it.o(i.TIM3_IRQHandler) refers to os_core.o(i.OSIntEnter) for OSIntEnter
    stm32f10x_it.o(i.TIM3_IRQHandler) refers to stm32f10x_tim.o(i.TIM_GetITStatus) for TIM_GetITStatus
    stm32f10x_it.o(i.TIM3_IRQHandler) refers to os_core.o(i.OSIntExit) for OSIntExit
    stm32f10x_it.o(i.TIM3_IRQHandler) refers to stm32f10x_it.o(.data) for num
    stm32f10x_it.o(i.TIM3_IRQHandler) refers to tcs230.o(.bss) for TCS230_Period
    stm32f10x_it.o(i.TIM4_IRQHandler) refers to os_core.o(i.OSIntEnter) for OSIntEnter
    stm32f10x_it.o(i.TIM4_IRQHandler) refers to stm32f10x_tim.o(i.TIM_GetITStatus) for TIM_GetITStatus
    stm32f10x_it.o(i.TIM4_IRQHandler) refers to os_core.o(i.OSIntExit) for OSIntExit
    stm32f10x_it.o(i.TIM4_IRQHandler) refers to stm32f10x_it.o(.data) for num
    stm32f10x_it.o(i.TIM4_IRQHandler) refers to tcs230.o(.bss) for TCS230_Period
    stm32f10x_it.o(i.USART3_IRQHandler) refers to os_core.o(i.OSIntEnter) for OSIntEnter
    stm32f10x_it.o(i.USART3_IRQHandler) refers to stm32f10x_usart.o(i.USART_GetITStatus) for USART_GetITStatus
    stm32f10x_it.o(i.USART3_IRQHandler) refers to stm32f10x_usart.o(i.USART_ReceiveData) for USART_ReceiveData
[...]
    i.Flash_Write_32Data                     0x0800167e   Section        0  flash.o(i.Flash_Write_32Data)
    i.GPIO_Config                            0x080016be   Section        0  gpio.o(i.GPIO_Config)
    i.GPIO_EXTILineConfig                    0x080016f8   Section        0  stm32f10x_gpio.o(i.GPIO_EXTILineConfig)
    i.GPIO_Init                              0x08001738   Section        0  stm32f10x_gpio.o(i.GPIO_Init)
    i.GPIO_PinRemapConfig                    0x0800184c   Section        0  stm32f10x_gpio.o(i.GPIO_PinRemapConfig)
    i.GPIO_ReadInputDataBit                  0x080018dc   Section        0  stm32f10x_gpio.o(i.GPIO_ReadInputDataBit)
    i.GPIO_ResetBits                         0x080018ee   Section        0  stm32f10x_gpio.o(i.GPIO_ResetBits)
    i.GPIO_SetBits                           0x080018f2   Section        0  stm32f10x_gpio.o(i.GPIO_SetBits)
    i.HardFault_Handler                      0x080018f6   Section        0  stm32f10x_it.o(i.HardFault_Handler)
    i.Judge_Colour                           0x080018fc   Section        0  tcs230.o(i.Judge_Colour)
    i.Key_Scan                               0x08001a54   Section        0  tcs230.o(i.Key_Scan)
    i.LCD_Display_float                      0x08001ac4   Section        0  lcd12864.o(i.LCD_Display_float)
    i.LCD_Display_int                        0x08001aea   Section        0  lcd12864.o(i.LCD_Display_int)
    i.LCD_GPIO_Config                        0x08001b10   Section        0  lcd12864.o(i.LCD_GPIO_Config)
    i.LCD_Init                               0x08001b4c   Section        0  lcd12864.o(i.LCD_Init)
    i.LCD_Write_string                       0x08001bb4   Section        0  lcd12864.o(i.LCD_Write_string)
    i.LCD_set_XY                             0x08001bd6   Section        0  lcd12864.o(i.LCD_set_XY)
    i.LCD_write_char                         0x08001c04   Section        0  lcd12864.o(i.LCD_write_char)
    i.LightBoard_RedLed                      0x08001c34   Section        0  tcs230.o(i.LightBoard_RedLed)
    i.MemManage_Handler                      0x08001c76   Section        0  stm32f10x_it.o(i.MemManage_Handler)
    i.Mid_Value                              0x08001c7a   Section        0  tcs230.o(i.Mid_Value)
    i.Mid_Value_uint16_t                     0x08001cfa   Section        0  tcs230.o(i.Mid_Value_uint16_t)
    i.Mid_Value_uint32_t                     0x08001d48   Section        0  tcs230.o(i.Mid_Value_uint32_t)
    i.NMI_Handler                            0x08001d96   Section        0  stm32f10x_it.o(i.NMI_Handler)
    i.NVIC_Configuration                     0x08001d98   Section        0  nvic.o(i.NVIC_Configuration)
    i.NVIC_Configuration_All                 0x08001dba   Section        0  nvic.o(i.NVIC_Configuration_All)
    i.NVIC_Init                              0x08001e04   Section        0  misc.o(i.NVIC_Init)
    i.NVIC_PriorityGroupConfig               0x08001e88   Section        0  misc.o(i.NVIC_PriorityGroupConfig)
    i.OSInit                                 0x08001e9c   Section        0  os_core.o(i.OSInit)
    i.OSInitHookBegin                        0x08001ec0   Section        0  os_cpu_c.o(i.OSInitHookBegin)
    i.OSInitHookEnd                          0x08001ec2   Section        0  os_cpu_c.o(i.OSInitHookEnd)
    i.OSIntEnter                             0x08001ec4   Section        0  os_core.o(i.OSIntEnter)
    i.OSIntExit                              0x08001ee8   Section        0  os_core.o(i.OSIntExit)
    i.OSSemCreate                            0x08001f78   Section        0  os_sem.o(i.OSSemCreate)
    i.OSSemPost                              0x08001fd0   Section        0  os_sem.o(i.OSSemPost)
    i.OSStart                                0x08002030   Section        0  os_core.o(i.OSStart)
    i.OSTCBInitHook                          0x08002078   Section        0  os_cpu_c.o(i.OSTCBInitHook)
    i.OSTaskCreate                           0x0800207c   Section        0  os_task.o(i.OSTaskCreate)
    i.OSTaskCreateExt                        0x08002124   Section        0  os_task.o(i.OSTaskCreateExt)
    i.OSTaskCreateHook                       0x080021e4   Section        0  os_cpu_c.o(i.OSTaskCreateHook)
    i.OSTaskIdleHook                         0x080021e6   Section        0  os_cpu_c.o(i.OSTaskIdleHook)
    i.OSTaskNameSet                          0x080021e8   Section        0  os_task.o(i.OSTaskNameSet)
    i.OSTaskResume                           0x08002294   Section        0  os_task.o(i.OSTaskResume)
    i.OSTaskStatHook                         0x0800234c   Section        0  os_cpu_c.o(i.OSTaskStatHook)
    i.OSTaskStkChk                           0x08002350   Section        0  os_task.o(i.OSTaskStkChk)
    i.OSTaskStkInit                          0x080023f0   Section        0  os_cpu_c.o(i.OSTaskStkInit)
    i.OSTaskSuspend                          0x0800248c   Section        0  os_task.o(i.OSTaskSuspend)
    i.OSTaskSwHook                           0x08002548   Section        0  os_cpu_c.o(i.OSTaskSwHook)
    i.OSTimeDly                              0x0800254c   Section        0  os_time.o(i.OSTimeDly)
    i.OSTimeDlyHMSM                          0x080025bc   Section        0  os_time.o(i.OSTimeDlyHMSM)
    i.OSTimeTick                             0x08002660   Section        0  os_core.o(i.OSTimeTick)
    i.OSTimeTickHook                         0x08002754   Section        0  os_cpu_c.o(i.OSTimeTickHook)
    i.OS_EventTaskRdy                        0x08002758   Section        0  os_core.o(i.OS_EventTaskRdy)
    i.OS_EventTaskRemove                     0x080027ec   Section        0  os_core.o(i.OS_EventTaskRemove)
    i.OS_EventTaskRemoveMulti                0x08002816   Section        0  os_core.o(i.OS_EventTaskRemoveMulti)
    i.OS_EventWaitListInit                   0x08002852   Section        0  os_core.o(i.OS_EventWaitListInit)
    i.OS_InitEventList                       0x08002870   Section        0  os_core.o(i.OS_InitEventList)
    OS_InitEventList                         0x08002871   Thumb Code    70  os_core.o(i.OS_InitEventList)
    i.OS_InitMisc                            0x080028c0   Section        0  os_core.o(i.OS_InitMisc)
    OS_InitMisc                              0x080028c1   Thumb Code    44  os_core.o(i.OS_InitMisc)
    i.OS_InitRdyList                         0x08002914   Section        0  os_core.o(i.OS_InitRdyList)
    OS_InitRdyList                           0x08002915   Thumb Code    46  os_core.o(i.OS_InitRdyList)
    i.OS_InitTCBList                         0x0800295c   Section        0  os_core.o(i.OS_InitTCBList)
    OS_InitTCBList                           0x0800295d   Thumb Code    88  os_core.o(i.OS_InitTCBList)
    i.OS_InitTaskIdle                        0x080029c4   Section        0  os_core.o(i.OS_InitTaskIdle)
    OS_InitTaskIdle                          0x080029c5   Thumb Code    54  os_core.o(i.OS_InitTaskIdle)
    i.OS_InitTaskStat                        0x08002a14   Section        0  os_core.o(i.OS_InitTaskStat)
    OS_InitTaskStat                          0x08002a15   Thumb Code    54  os_core.o(i.OS_InitTaskStat)
    i.OS_MemClr                              0x08002a64   Section        0  os_core.o(i.OS_MemClr)
    i.OS_Sched                               0x08002a78   Section        0  os_core.o(i.OS_Sched)
    i.OS_SchedNew                            0x08002aec   Section        0  os_core.o(i.OS_SchedNew)
    OS_SchedNew                              0x08002aed   Thumb Code    26  os_core.o(i.OS_SchedNew)
    i.OS_StrCopy                             0x08002b18   Section        0  os_core.o(i.OS_StrCopy)
    i.OS_StrLen                              0x08002b34   Section        0  os_core.o(i.OS_StrLen)
    i.OS_TCBInit                             0x08002b48   Section        0  os_core.o(i.OS_TCBInit)
    i.OS_TaskIdle                            0x08002c74   Section        0  os_core.o(i.OS_TaskIdle)
    i.OS_TaskStat                            0x08002c98   Section        0  os_core.o(i.OS_TaskStat)
    i.OS_TaskStatStkChk                      0x08002d20   Section        0  os_core.o(i.OS_TaskStatStkChk)
    i.OS_TaskStkClr                          0x08002d5c   Section        0  os_task.o(i.OS_TaskStkClr)
    i.Output_Frequency                       0x08002d76   Section        0  tcs230.o(i.Output_Frequency)
    i.RCC_APB1PeriphClockCmd                 0x08002dc8   Section        0  stm32f10x_rcc.o(i.RCC_APB1PeriphClockCmd)
    i.RCC_APB1PeriphResetCmd                 0x08002de8   Section        0  stm32f10x_rcc.o(i.RCC_APB1PeriphResetCmd)
    i.RCC_APB2PeriphClockCmd                 0x08002e08   Section        0  stm32f10x_rcc.o(i.RCC_APB2PeriphClockCmd)
    i.RCC_APB2PeriphResetCmd                 0x08002e28   Section        0  stm32f10x_rcc.o(i.RCC_APB2PeriphResetCmd)
    i.RCC_Configuration                      0x08002e48   Section        0  rcc.o(i.RCC_Configuration)
    i.RCC_DeInit                             0x08002eac   Section        0  stm32f10x_rcc.o(i.RCC_DeInit)
    i.RCC_GetClocksFreq                      0x08002ef8   Section        0  stm32f10x_rcc.o(i.RCC_GetClocksFreq)
    i.RCC_GetFlagStatus                      0x08002fcc   Section        0  stm32f10x_rcc.o(i.RCC_GetFlagStatus)
    i.RCC_GetSYSCLKSource                    0x08003008   Section        0  stm32f10x_rcc.o(i.RCC_GetSYSCLKSource)
    i.RCC_HCLKConfig                         0x08003018   Section        0  stm32f10x_rcc.o(i.RCC_HCLKConfig)
    i.RCC_HSEConfig                          0x08003030   Section        0  stm32f10x_rcc.o(i.RCC_HSEConfig)
    i.RCC_PCLK1Config                        0x0800307c   Section        0  stm32f10x_rcc.o(i.RCC_PCLK1Config)
    i.RCC_PCLK2Config                        0x08003094   Section        0  stm32f10x_rcc.o(i.RCC_PCLK2Config)
    i.RCC_PLLCmd                             0x080030ac   Section        0  stm32f10x_rcc.o(i.RCC_PLLCmd)
    i.RCC_PLLConfig                          0x080030b8   Section        0  stm32f10x_rcc.o(i.RCC_PLLConfig)
    i.RCC_SYSCLKConfig                       0x080030d4   Section        0  stm32f10x_rcc.o(i.RCC_SYSCLKConfig)
    i.RCC_WaitForHSEStartUp                  0x080030ec   Section        0  stm32f10x_rcc.o(i.RCC_WaitForHSEStartUp)
    i.RGB_Pro_Check                          0x0800311c   Section        0  tcs230.o(i.RGB_Pro_Check)
    i.Read_Flash_Data                        0x0800312a   Section        0  flash.o(i.Read_Flash_Data)
    i.SVC_Handler                            0x08003160   Section        0  stm32f10x_it.o(i.SVC_Handler)
    i.Scanning_Max_Min                       0x08003162   Section        0  tcs230.o(i.Scanning_Max_Min)
    i.Send_Command                           0x08003200   Section        0  lcd12864.o(i.Send_Command)
    i.Send_data                              0x08003264   Section        0  lcd12864.o(i.Send_data)
    i.SetSysClock                            0x080032c8   Section        0  system_stm32f10x.o(i.SetSysClock)
    SetSysClock                              0x080032c9   Thumb Code     8  system_stm32f10x.o(i.SetSysClock)
    i.SetSysClockTo72                        0x080032d0   Section        0  system_stm32f10x.o(i.SetSysClockTo72)
    SetSysClockTo72                          0x080032d1   Thumb Code   192  system_stm32f10x.o(i.SetSysClockTo72)
    i.Site_Scanning                          0x08003398   Section        0  tcs230.o(i.Site_Scanning)
    i.SysTick_Handler                        0x080036d4   Section        0  stm32f10x_it.o(i.SysTick_Handler)
    i.SysTick_init                           0x080036e4   Section        0  bsp.o(i.SysTick_init)
    i.SystemInit                             0x08003740   Section        0  system_stm32f10x.o(i.SystemInit)
    i.TCS230_CAP_Task                        0x080037a0   Section        0  tcs230.o(i.TCS230_CAP_Task)
    i.TCS230_CK_LED                          0x08003b54   Section        0  tcs230.o(i.TCS230_CK_LED)
    i.TCS230_Config                          0x08003b78   Section        0  tcs230.o(i.TCS230_Config)
    i.TCS230_DR_LED                          0x08003e1c   Section        0  tcs230.o(i.TCS230_DR_LED)
    i.TCS230_Error_LED                       0x08003e40   Section        0  app.o(i.TCS230_Error_LED)
    i.TCS230_LED                             0x08003e60   Section        0  stm32f10x_it.o(i.TCS230_LED)
    i.TCS230_S0                              0x08003e80   Section        0  tcs230.o(i.TCS230_S0)
    i.TCS230_S1                              0x08003ea4   Section        0  tcs230.o(i.TCS230_S1)
    i.TCS230_S2                              0x08003ec8   Section        0  tcs230.o(i.TCS230_S2)
    i.TCS230_S3                              0x08003ee8   Section        0  tcs230.o(i.TCS230_S3)
    i.TI1_Config                             0x08003f08   Section        0  stm32f10x_tim.o(i.TI1_Config)
    TI1_Config                               0x08003f09   Thumb Code   106  stm32f10x_tim.o(i.TI1_Config)
    i.TI2_Config                             0x08003f88   Section        0  stm32f10x_tim.o(i.TI2_Config)
    TI2_Config                               0x08003f89   Thumb Code   118  stm32f10x_tim.o(i.TI2_Config)
    i.TI3_Config                             0x08004014   Section        0  stm32f10x_tim.o(i.TI3_Config)
    TI3_Config                               0x08004015   Thumb Code   114  stm32f10x_tim.o(i.TI3_Config)
    i.TI4_Config                             0x0800409c   Section        0  stm32f10x_tim.o(i.TI4_Config)
    TI4_Config                               0x0800409d   Thumb Code   118  stm32f10x_tim.o(i.TI4_Config)
    i.TIM2_IRQHandler                        0x08004128   Section        0  stm32f10x_it.o(i.TIM2_IRQHandler)
    i.TIM3_IRQHandler                        0x08004250   Section        0  stm32f10x_it.o(i.TIM3_IRQHandler)
    i.TIM4_IRQHandler                        0x080043a4   Section        0  stm32f10x_it.o(i.TIM4_IRQHandler)
    i.TIMX_Capture_All                       0x08004490   Section        0  tim.o(i.TIMX_Capture_All)
    i.TIMX_Config_All                        0x080044f0   Section        0  tim.o(i.TIMX_Config_All)
    i.TIM_ClearFlag                          0x0800453c   Section        0  stm32f10x_tim.o(i.TIM_ClearFlag)
    i.TIM_Cmd                                0x08004542   Section        0  stm32f10x_tim.o(i.TIM_Cmd)
    i.TIM_DeInit                             0x0800455c   Section        0  stm32f10x_tim.o(i.TIM_DeInit)
    i.TIM_GetITStatus                        0x08004744   Section        0  stm32f10x_tim.o(i.TIM_GetITStatus)
    i.TIM_ICInit                             0x08004768   Section        0  stm32f10x_tim.o(i.TIM_ICInit)
    i.TIM_ITConfig                           0x08004814   Section        0  stm32f10x_tim.o(i.TIM_ITConfig)
    i.TIM_SetIC1Prescaler                    0x0800482c   Section        0  stm32f10x_tim.o(i.TIM_SetIC1Prescaler)
    i.TIM_SetIC2Prescaler                    0x0800483e   Section        0  stm32f10x_tim.o(i.TIM_SetIC2Prescaler)
    i.TIM_SetIC3Prescaler                    0x08004854   Section        0  stm32f10x_tim.o(i.TIM_SetIC3Prescaler)
    i.TIM_SetIC4Prescaler                    0x08004866   Section        0  stm32f10x_tim.o(i.TIM_SetIC4Prescaler)
    i.TIM_TimeBaseInit                       0x0800487c   Section        0  stm32f10x_tim.o(i.TIM_TimeBaseInit)
    i.TIMx_Capture_Config                    0x08004920   Section        0  tim.o(i.TIMx_Capture_Config)
    i.TIMx_Configuration                     0x08004aec   Section        0  tim.o(i.TIMx_Configuration)
    i.Task_Bounded_Check                     0x08004b8c   Section        0  app.o(i.Task_Bounded_Check)
    i.Task_Count_Ehite_Line                  0x08004bc4   Section        0  app.o(i.Task_Count_Ehite_Line)
    i.Task_DAQ                               0x08004bf0   Section        0  app.o(i.Task_DAQ)
    i.Task_Display                           0x08004bfc   Section        0  app.o(i.Task_Display)
    i.Task_Key_Scan                          0x08004da4   Section        0  app.o(i.Task_Key_Scan)
    i.Task_Site_Scanning                     0x08004db8   Section        0  app.o(i.Task_Site_Scanning)
    i.Task_Start                             0x08004de0   Section        0  app.o(i.Task_Start)
    i.Task_USART                             0x08004ecc   Section        0  app.o(i.Task_USART)
    i.USART3_IRQHandler                      0x08004f08   Section        0  stm32f10x_it.o(i.USART3_IRQHandler)
    i.USART_ClearITPendingBit                0x08004fe8   Section        0  stm32f10x_usart.o(i.USART_ClearITPendingBit)
    i.USART_Cmd                              0x08005006   Section        0  stm32f10x_usart.o(i.USART_Cmd)
    i.USART_Config_All                       0x08005020   Section        0  usart.o(i.USART_Config_All)
    i.USART_GetFlagStatus                    0x08005054   Section        0  stm32f10x_usart.o(i.USART_GetFlagStatus)
    i.USART_GetITStatus                      0x0800506e   Section        0  stm32f10x_usart.o(i.USART_GetITStatus)
    i.USART_ITConfig                         0x080050c2   Section        0  stm32f10x_usart.o(i.USART_ITConfig)
    i.USART_Init                             0x0800510c   Section        0  stm32f10x_usart.o(i.USART_Init)
    i.USART_ReceiveData                      0x080051e4   Section        0  stm32f10x_usart.o(i.USART_ReceiveData)
    i.USART_SendData                         0x080051ee   Section        0  stm32f10x_usart.o(i.USART_SendData)
    i.USARTx_Init                            0x080051f6   Section        0  usart.o(i.USARTx_Init)
    i.USB_LP_CAN1_RX0_IRQHandler             0x08005248   Section        0  stm32f10x_it.o(i.USB_LP_CAN1_RX0_IRQHandler)
    i.UsageFault_Handler                     0x08005258   Section        0  stm32f10x_it.o(i.UsageFault_Handler)
    i.WhiteBalance_task                      0x0800525c   Section        0  app.o(i.WhiteBalance_task)
    i.White_Balance                          0x080052cc   Section        0  tcs230.o(i.White_Balance)
    i.White_Line_Deviation                   0x08005670   Section        0  tcs230.o(i.White_Line_Deviation)
    i.__0printf$1                            0x08005b08   Section        0  printf1.o(i.__0printf$1)
    i.__scatterload_copy                     0x08005b28   Section       14  handlers.o(i.__scatterload_copy)
    i.__scatterload_null                     0x08005b36   Section        2  handlers.o(i.__scatterload_null)
    i.__scatterload_zeroinit                 0x08005b38   Section       14  handlers.o(i.__scatterload_zeroinit)
    i.__set_errno                            0x08005b48   Section        0  errno.o(i.__set_errno)
    i._printf_core                           0x08005b54   Section        0  printf1.o(i._printf_core)
    _printf_core                             0x08005b55   Thumb Code   334  printf1.o(i._printf_core)
    i.float2str                              0x08005ca8   Section        0  lcd12864.o(i.float2str)
    i.fputc                                  0x08005d4c   Section        0  usart.o(i.fputc)
    i.int2str                                0x08005d70   Section        0  lcd12864.o(i.int2str)
    i.main                                   0x08005dd0   Section        0  main.o(i.main)
    i.sqrt                                   0x08005df8   Section        0  sqrt.o(i.sqrt)
    .constdata                               0x08005e42   Section      492  lcd12864.o(.constdata)
    .constdata                               0x08006030   Section       34  tcs230.o(.constdata)
    .constdata                               0x08006052   Section      256  os_core.o(.constdata)
    .data                                    0x20000000   Section        9  stm32f10x_it.o(.data)
    .data                                    0x20000009   Section       20  stm32f10x_rcc.o(.data)
    APBAHBPrescTable                         0x20000009   Data          16  stm32f10x_rcc.o(.data)
    ADCPrescTable                            0x20000019   Data           4  stm32f10x_rcc.o(.data)
    .data                                    0x20000020   Section       20  system_stm32f10x.o(.data)
    .data                                    0x20000034   Section       10  tcs230.o(.data)
    .data                                    0x20000040   Section       13  app.o(.data)
    .data                                    0x20000050   Section       64  os_core.o(.data)
    .data                                    0x20000090   Section        4  stdout.o(.data)
    .data                                    0x20000094   Section        4  errno.o(.data)
    _errno                                   0x20000094   Data           4  errno.o(.data)
    .bss                                     0x20000098   Section      512  main.o(.bss)
    startup_task_stk                         0x20000098   Data         512  main.o(.bss)
    .bss                                     0x20000298   Section     1140  tcs230.o(.bss)
    .bss                                     0x2000070c   Section     5632  app.o(.bss)
    .bss                                     0x20001d0c   Section     7016  os_core.o(.bss)
    STACK                                    0x20003878   Section     1024  startup_stm32f10x_hd.o(STACK)

    Global Symbols

    Symbol Name                              Value     Ov Type        Size  Object(Section)

    BuildAttributes$$THM_ISAv4$P$D$K$B$S$PE$A:L22UL41UL21$X:L11$S22US41US21$IEEE1$IW$USESV6$~STKCKD$USESV7$~SHL$OTIME$ROPI$IEEEJ$EBA8$MICROLIB$REQ8$PRES8$EABIv2 0x00000000   Number         0  anon$$obj.o ABSOLUTE
    __ARM_use_no_argv                        0x00000000   Number         0  main.o ABSOLUTE
    _printf_a                                0x00000000   Number         0  stubs.o ABSOLUTE
    _printf_c                                0x00000000   Number         0  stubs.o ABSOLUTE
    _printf_charcount                        0x00000000   Number         0  stubs.o ABSOLUTE
    _printf_d                                0x00000000   Number         0  stubs.o ABSOLUTE
    _printf_e                                0x00000000   Number         0  stubs.o ABSOLUTE
    _printf_f                                0x00000000   Number         0  stubs.o ABSOLUTE
    _printf_flags                            0x00000000   Number         0  stubs.o ABSOLUTE
    _printf_fp_dec                           0x00000000   Number         0  stubs.o ABSOLUTE
    _printf_fp_hex                           0x00000000   Number         0  stubs.o ABSOLUTE
    _printf_g                                0x00000000   Number         0  stubs.o ABSOLUTE
    _printf_i                                0x00000000   Number         0  stubs.o ABSOLUTE
    _printf_int_dec                          0x00000000   Number         0  stubs.o ABSOLUTE
    _printf_l                                0x00000000   Number         0  stubs.o ABSOLUTE
    _printf_lc                               0x00000000   Number         0  stubs.o ABSOLUTE
    _printf_ll                               0x00000000   Number         0  stubs.o ABSOLUTE
    _printf_lld                              0x00000000   Number         0  stubs.o ABSOLUTE
    _printf_lli                              0x00000000   Number         0  stubs.o ABSOLUTE
    _printf_llo                              0x00000000   Number         0  stubs.o ABSOLUTE
    _printf_llu                              0x00000000   Number         0  stubs.o ABSOLUTE
    _printf_llx                              0x00000000   Number         0  stubs.o ABSOLUTE
    _printf_longlong_dec                     0x00000000   Number         0  stubs.o ABSOLUTE
    _printf_longlong_hex                     0x00000000   Number         0  stubs.o ABSOLUTE
    _printf_longlong_oct                     0x00000000   Number         0  stubs.o ABSOLUTE
    _printf_ls                               0x00000000   Number         0  stubs.o ABSOLUTE
    _printf_mbtowc                           0x00000000   Number         0  stubs.o ABSOLUTE
    _printf_n                                0x00000000   Number         0  stubs.o ABSOLUTE
    _printf_o                                0x00000000   Number         0  stubs.o ABSOLUTE
    _printf_p                                0x00000000   Number         0  stubs.o ABSOLUTE
    _printf_percent                          0x00000000   Number         0  stubs.o ABSOLUTE
    _printf_pre_padding                      0x00000000   Number         0  stubs.o ABSOLUTE
    _printf_return_value                     0x00000000   Number         0  stubs.o ABSOLUTE
    _printf_s                                0x00000000   Number         0  stubs.o ABSOLUTE
    _printf_sizespec                         0x00000000   Number         0  stubs.o ABSOLUTE
    _printf_str                              0x00000000   Number         0  stubs.o ABSOLUTE
    _printf_truncate_signed                  0x00000000   Number         0  stubs.o ABSOLUTE
    _printf_truncate_unsigned                0x00000000   Number         0  stubs.o ABSOLUTE
    _printf_u                                0x00000000   Number         0  stubs.o ABSOLUTE
    _printf_wc                               0x00000000   Number         0  stubs.o ABSOLUTE
    _printf_wctomb                           0x00000000   Number         0  stubs.o ABSOLUTE
    _printf_widthprec                        0x00000000   Number         0  stubs.o ABSOLUTE
    _printf_x                                0x00000000   Number         0  stubs.o ABSOLUTE
    __decompress                              - Undefined Weak Reference
    __Vectors_Size                           0x00000130   Number         0  startup_stm32f10x_hd.o ABSOLUTE
    __Vectors                                0x08000000   Data           4  startup_stm32f10x_hd.o(RESET)
    __Vectors_End                            0x08000130   Data           0  startup_stm32f10x_hd.o(RESET)
    __main                                   0x08000131   Thumb Code     0  entry.o(.ARM.Collect$$$$00000000)
    _main_stk                                0x08000131   Thumb Code     0  entry2.o(.ARM.Collect$$$$00000001)
    _main_scatterload                        0x08000135   Thumb Code     0  entry5.o(.ARM.Collect$$$$00000004)
    __main_after_scatterload                 0x08000139   Thumb Code     0  entry5.o(.ARM.Collect$$$$00000004)
    _main_init                               0x08000139   Thumb Code     0  entry7.o(.ARM.Collect$$$$00000007)
    Reset_Handler                            0x08000145   Thumb Code     8  startup_stm32f10x_hd.o(.text)
    ADC1_2_IRQHandler                        0x0800015f   Thumb Code     0  startup_stm32f10x_hd.o(.text)
    ADC3_IRQHandler                          0x0800015f   Thumb Code     0  startup_stm32f10x_hd.o(.text)
    CAN1_RX1_IRQHandler                      0x0800015f   Thumb Code     0  startup_stm32f10x_hd.o(.text)
    CAN1_SCE_IRQHandler                      0x0800015f   Thumb Code     0  startup_stm32f10x_hd.o(.text)
    DMA1_Channel1_IRQHandler                 0x0800015f   Thumb Code     0  startup_stm32f10x_hd.o(.text)
    DMA1_Channel2_IRQHandler                 0x0800015f   Thumb Code     0  startup_stm32f10x_hd.o(.text)
    DMA1_Channel3_IRQHandler                 0x0800015f   Thumb Code     0  startup_stm32f10x_hd.o(.text)
    DMA1_Channel4_IRQHandler                 0x0800015f   Thumb Code     0  startup_stm32f10x_hd.o(.text)
    DMA1_Channel5_IRQHandler                 0x0800015f   Thumb Code     0  startup_stm32f10x_hd.o(.text)
    DMA1_Channel6_IRQHandler                 0x0800015f   Thumb Code     0  startup_stm32f10x_hd.o(.text)
    DMA1_Channel7_IRQHandler                 0x0800015f   Thumb Code     0  startup_stm32f10x_hd.o(.text)
    DMA2_Channel1_IRQHandler                 0x0800015f   Thumb Code     0  startup_stm32f10x_hd.o(.text)
    DMA2_Channel2_IRQHandler                 0x0800015f   Thumb Code     0  startup_stm32f10x_hd.o(.text)
    DMA2_Channel3_IRQHandler                 0x0800015f   Thumb Code     0  startup_stm32f10x_hd.o(.text)
    DMA2_Channel4_5_IRQHandler               0x0800015f   Thumb Code     0  startup_stm32f10x_hd.o(.text)
    EXTI0_IRQHandler                         0x0800015f   Thumb Code     0  startup_stm32f10x_hd.o(.text)
    EXTI1_IRQHandler                         0x0800015f   Thumb Code     0  startup_stm32f10x_hd.o(.text)
    EXTI2_IRQHandler                         0x0800015f   Thumb Code     0  startup_stm32f10x_hd.o(.text)
    EXTI3_IRQHandler                         0x0800015f   Thumb Code     0  startup_stm32f10x_hd.o(.text)
    EXTI4_IRQHandler                         0x0800015f   Thumb Code     0  startup_stm32f10x_hd.o(.text)
    EXTI9_5_IRQHandler                       0x0800015f   Thumb Code     0  startup_stm32f10x_hd.o(.text)
    FLASH_IRQHandler                         0x0800015f   Thumb Code     0  startup_stm32f10x_hd.o(.text)
    FSMC_IRQHandler                          0x0800015f   Thumb Code     0  startup_stm32f10x_hd.o(.text)
    I2C1_ER_IRQHandler                       0x0800015f   Thumb Code     0  startup_stm32f10x_hd.o(.text)
    I2C1_EV_IRQHandler                       0x0800015f   Thumb Code     0  startup_stm32f10x_hd.o(.text)
    I2C2_ER_IRQHandler                       0x0800015f   Thumb Code     0  startup_stm32f10x_hd.o(.text)
    I2C2_EV_IRQHandler                       0x0800015f   Thumb Code     0  startup_stm32f10x_hd.o(.text)
    PVD_IRQHandler                           0x0800015f   Thumb Code     0  startup_stm32f10x_hd.o(.text)
    RCC_IRQHandler                           0x0800015f   Thumb Code     0  startup_stm32f10x_hd.o(.text)
    RTCAlarm_IRQHandler                      0x0800015f   Thumb Code     0  startup_stm32f10x_hd.o(.text)
    RTC_IRQHandler                           0x0800015f   Thumb Code     0  startup_stm32f10x_hd.o(.text)
    SDIO_IRQHandler                          0x0800015f   Thumb Code     0  startup_stm32f10x_hd.o(.text)
    SPI1_IRQHandler                          0x0800015f   Thumb Code     0  startup_stm32f10x_hd.o(.text)
    SPI2_IRQHandler                          0x0800015f   Thumb Code     0  startup_stm32f10x_hd.o(.text)
    SPI3_IRQHandler                          0x0800015f   Thumb Code     0  startup_stm32f10x_hd.o(.text)
    TAMPER_IRQHandler                        0x0800015f   Thumb Code     0  startup_stm32f10x_hd.o(.text)
    TIM1_BRK_IRQHandler                      0x0800015f   Thumb Code     0  startup_stm32f10x_hd.o(.text)
    TIM1_CC_IRQHandler                       0x0800015f   Thumb Code     0  startup_stm32f10x_hd.o(.text)
    TIM1_TRG_COM_IRQHandler                  0x0800015f   Thumb Code     0  startup_stm32f10x_hd.o(.text)
    TIM1_UP_IRQHandler                       0x0800015f   Thumb Code     0  startup_stm32f10x_hd.o(.text)
    TIM5_IRQHandler                          0x0800015f   Thumb Code     0  startup_stm32f10x_hd.o(.text)
    TIM6_IRQHandler                          0x0800015f   Thumb Code     0  startup_stm32f10x_hd.o(.text)
    TIM7_IRQHandler                          0x0800015f   Thumb Code     0  startup_stm32f10x_hd.o(.text)
    TIM8_BRK_IRQHandler                      0x0800015f   Thumb Code     0  startup_stm32f10x_hd.o(.text)
    TIM8_CC_IRQHandler                       0x0800015f   Thumb Code     0  startup_stm32f10x_hd.o(.text)
    TIM8_TRG_COM_IRQHandler                  0x0800015f   Thumb Code     0  startup_stm32f10x_hd.o(.text)
    TIM8_UP_IRQHandler                       0x0800015f   Thumb Code     0  startup_stm32f10x_hd.o(.text)
    UART4_IRQHandler                         0x0800015f   Thumb Code     0  startup_stm32f10x_hd.o(.text)
    UART5_IRQHandler                         0x0800015f   Thumb Code     0  startup_stm32f10x_hd.o(.text)
    USART1_IRQHandler                        0x0800015f   Thumb Code     0  startup_stm32f10x_hd.o(.text)
    USART2_IRQHandler                        0x0800015f   Thumb Code     0  startup_stm32f10x_hd.o(.text)
    USBWakeUp_IRQHandler                     0x0800015f   Thumb Code     0  startup_stm32f10x_hd.o(.text)
    USB_HP_CAN1_TX_IRQHandler                0x0800015f   Thumb Code     0  startup_stm32f10x_hd.o(.text)
    WWDG_IRQHandler                          0x0800015f   Thumb Code     0  startup_stm32f10x_hd.o(.text)
    OS_CPU_SR_Save                           0x08000169   Thumb Code     0  os_cpu_a.o(.text)
    OS_CPU_SR_Restore                        0x08000171   Thumb Code     0  os_cpu_a.o(.text)
    OSStartHighRdy                           0x08000177   Thumb Code     0  os_cpu_a.o(.text)
    OSCtxSw                                  0x08000197   Thumb Code     0  os_cpu_a.o(.text)
    OSIntCtxSw                               0x080001a1   Thumb Code     0  os_cpu_a.o(.text)
    OS_CPU_PendSVHandler                     0x080001ab   Thumb Code     0  os_cpu_a.o(.text)
    __aeabi_fadd                             0x0800020d   Thumb Code   164  fadd.o(.text)
    __aeabi_fsub                             0x080002b1   Thumb Code     6  fadd.o(.text)
    __aeabi_frsub                            0x080002b7   Thumb Code     6  fadd.o(.text)
    __aeabi_fmul                             0x080002bd   Thumb Code   108  fmul.o(.text)
    __aeabi_fdiv                             0x08000329   Thumb Code   128  fdiv.o(.text)
    __aeabi_dadd                             0x080003a9   Thumb Code   318  dadd.o(.text)
    __aeabi_dsub                             0x080004e7   Thumb Code     6  dadd.o(.text)
    __aeabi_drsub                            0x080004ed   Thumb Code     6  dadd.o(.text)
    __aeabi_dmul                             0x080004f3   Thumb Code   226  dmul.o(.text)
    __aeabi_ddiv                             0x080005d5   Thumb Code   222  ddiv.o(.text)
    __aeabi_i2f                              0x080006b3   Thumb Code    18  fflti.o(.text)
    __aeabi_ui2f                             0x080006c5   Thumb Code    10  ffltui.o(.text)
    __aeabi_i2d                              0x080006cf   Thumb Code    34  dflti.o(.text)
    __aeabi_f2uiz                            0x080006f1   Thumb Code    40  ffixui.o(.text)
    __aeabi_d2uiz                            0x08000719   Thumb Code    46  dfixui.o(.text)
    __aeabi_f2d                              0x08000747   Thumb Code    44  f2d.o(.text)
    __aeabi_cdcmpeq                          0x08000775   Thumb Code     0  cdcmple.o(.text)
    __aeabi_cdcmple                          0x08000775   Thumb Code    38  cdcmple.o(.text)
    __aeabi_d2f                              0x0800079d   Thumb Code    56  d2f.o(.text)
    __aeabi_cfcmpeq                          0x080007d5   Thumb Code     0  cfcmple.o(.text)
    __aeabi_cfcmple                          0x080007d5   Thumb Code    20  cfcmple.o(.text)
    __aeabi_uidiv                            0x080007e9   Thumb Code     0  uidiv.o(.text)
    __aeabi_uidivmod                         0x080007e9   Thumb Code    44  uidiv.o(.text)
    __aeabi_llsl                             0x08000815   Thumb Code    30  llshl.o(.text)
    _ll_shift_l                              0x08000815   Thumb Code     0  llshl.o(.text)
    __aeabi_llsr                             0x08000833   Thumb Code    32  llushr.o(.text)
    _ll_ushift_r                             0x08000833   Thumb Code     0  llushr.o(.text)
    __aeabi_lasr                             0x08000853   Thumb Code    36  llsshr.o(.text)
    _ll_sshift_r                             0x08000853   Thumb Code     0  llsshr.o(.text)
    __I$use$fp                               0x08000877   Thumb Code     0  iusefp.o(.text)
    _float_round                             0x08000877   Thumb Code    18  fepilogue.o(.text)
    _float_epilogue                          0x08000889   Thumb Code    94  fepilogue.o(.text)
    _double_round                            0x080008e7   Thumb Code    26  depilogue.o(.text)
    _double_epilogue                         0x08000901   Thumb Code   168  depilogue.o(.text)
    _dsqrt                                   0x080009a9   Thumb Code   160  dsqrt.o(.text)
    __scatterload                            0x08000a49   Thumb Code    28  init.o(.text)
    __scatterload_rt2                        0x08000a49   Thumb Code     0  init.o(.text)
    ABS                                      0x08000a6d   Thumb Code    14  tcs230.o(i.ABS)
    BSP_Init                                 0x08000a7b   Thumb Code    44  bsp.o(i.BSP_Init)
    BusFault_Handler                         0x08000aa7   Thumb Code     4  stm32f10x_it.o(i.BusFault_Handler)
    CAN1_Configuration                       0x08000aad   Thumb Code   202  can.o(i.CAN1_Configuration)
    CAN1_ReceiveData                         0x08000b81   Thumb Code   180  tcs230.o(i.CAN1_ReceiveData)
    CAN1_SendData                            0x08000c3d   Thumb Code   110  tcs230.o(i.CAN1_SendData)
    CAN_DeInit                               0x08000cb9   Thumb Code    50  stm32f10x_can.o(i.CAN_DeInit)
    CAN_FilterInit                           0x08000cf1   Thumb Code   250  stm32f10x_can.o(i.CAN_FilterInit)
    CAN_ITConfig                             0x08000e09   Thumb Code    18  stm32f10x_can.o(i.CAN_ITConfig)
    CAN_Init                                 0x08000e1b   Thumb Code   284  stm32f10x_can.o(i.CAN_Init)
    CAN_Receive                              0x08000f37   Thumb Code   240  stm32f10x_can.o(i.CAN_Receive)
    CAN_StructInit                           0x08001027   Thumb Code    32  stm32f10x_can.o(i.CAN_StructInit)
    CAN_Transmit                             0x08001047   Thumb Code   294  stm32f10x_can.o(i.CAN_Transmit)
    CAN_TransmitStatus                       0x0800116d   Thumb Code   138  stm32f10x_can.o(i.CAN_TransmitStatus)
    Clear_LCD                                0x0800120d   Thumb Code    42  lcd12864.o(i.Clear_LCD)
    Count_white_Line                         0x08001239   Thumb Code    98  tcs230.o(i.Count_white_Line)
    Data_Manage                              0x080012b9   Thumb Code    86  tcs230.o(i.Data_Manage)
    DebugMon_Handler                         0x0800130f   Thumb Code     2  stm32f10x_it.o(i.DebugMon_Handler)
    EXTI15_10_IRQHandler                     0x08001311   Thumb Code    62  stm32f10x_it.o(i.EXTI15_10_IRQHandler)
    EXTI_AllConfiguration                    0x08001355   Thumb Code    16  exti.o(i.EXTI_AllConfiguration)
    EXTI_ClearITPendingBit                   0x08001365   Thumb Code     6  stm32f10x_exti.o(i.EXTI_ClearITPendingBit)
    EXTI_Configuration                       0x08001371   Thumb Code    58  exti.o(i.EXTI_Configuration)
    EXTI_GetFlagStatus                       0x080013ad   Thumb Code    20  stm32f10x_exti.o(i.EXTI_GetFlagStatus)
    EXTI_Init                                0x080013c5   Thumb Code   160  stm32f10x_exti.o(i.EXTI_Init)
    FLASH_ClearFlag                          0x08001471   Thumb Code     6  stm32f10x_flash.o(i.FLASH_ClearFlag)
    FLASH_ErasePage                          0x0800147d   Thumb Code    72  stm32f10x_flash.o(i.FLASH_ErasePage)
    FLASH_GetBank1Status                     0x080014c9   Thumb Code    50  stm32f10x_flash.o(i.FLASH_GetBank1Status)
    FLASH_GetStatus                          0x08001501   Thumb Code    50  stm32f10x_flash.o(i.FLASH_GetStatus)
    FLASH_Lock                               0x08001539   Thumb Code    14  stm32f10x_flash.o(i.FLASH_Lock)
    FLASH_ProgramWord                        0x0800154d   Thumb Code    96  stm32f10x_flash.o(i.FLASH_ProgramWord)
    FLASH_Unlock                             0x080015b1   Thumb Code    12  stm32f10x_flash.o(i.FLASH_Unlock)
    FLASH_WaitForLastOperation               0x080015c9   Thumb Code    38  stm32f10x_flash.o(i.FLASH_WaitForLastOperation)
    Filter_Set                               0x080015ef   Thumb Code    82  tcs230.o(i.Filter_Set)
    Flash_Erase_Page                         0x08001641   Thumb Code    62  flash.o(i.Flash_Erase_Page)
    Flash_Write_32Data                       0x0800167f   Thumb Code    64  flash.o(i.Flash_Write_32Data)
    GPIO_Config                              0x080016bf   Thumb Code    56  gpio.o(i.GPIO_Config)
    GPIO_EXTILineConfig                      0x080016f9   Thumb Code    60  stm32f10x_gpio.o(i.GPIO_EXTILineConfig)
    GPIO_Init                                0x08001739   Thumb Code   274  stm32f10x_gpio.o(i.GPIO_Init)
    GPIO_PinRemapConfig                      0x0800184d   Thumb Code   138  stm32f10x_gpio.o(i.GPIO_PinRemapConfig)
    GPIO_ReadInputDataBit                    0x080018dd   Thumb Code    18  stm32f10x_gpio.o(i.GPIO_ReadInputDataBit)
    GPIO_ResetBits                           0x080018ef   Thumb Code     4  stm32f10x_gpio.o(i.GPIO_ResetBits)
    GPIO_SetBits                             0x080018f3   Thumb Code     4  stm32f10x_gpio.o(i.GPIO_SetBits)
    HardFault_Handler                        0x080018f7   Thumb Code     4  stm32f10x_it.o(i.HardFault_Handler)
    Judge_Colour                             0x080018fd   Thumb Code   284  tcs230.o(i.Judge_Colour)
    Key_Scan                                 0x08001a55   Thumb Code   104  tcs230.o(i.Key_Scan)
    LCD_Display_float                        0x08001ac5   Thumb Code    38  lcd12864.o(i.LCD_Display_float)
    LCD_Display_int                          0x08001aeb   Thumb Code    38  lcd12864.o(i.LCD_Display_int)
    LCD_GPIO_Config                          0x08001b11   Thumb Code    54  lcd12864.o(i.LCD_GPIO_Config)
    LCD_Init                                 0x08001b4d   Thumb Code    98  lcd12864.o(i.LCD_Init)
    LCD_Write_string                         0x08001bb5   Thumb Code    34  lcd12864.o(i.LCD_Write_string)
    LCD_set_XY                               0x08001bd7   Thumb Code    44  lcd12864.o(i.LCD_set_XY)
    LCD_write_char                           0x08001c05   Thumb Code    44  lcd12864.o(i.LCD_write_char)
    LightBoard_RedLed                        0x08001c35   Thumb Code    66  tcs230.o(i.LightBoard_RedLed)
    MemManage_Handler                        0x08001c77   Thumb Code     4  stm32f10x_it.o(i.MemManage_Handler)
    Mid_Value                                0x08001c7b   Thumb Code   128  tcs230.o(i.Mid_Value)
    Mid_Value_uint16_t                       0x08001cfb   Thumb Code    78  tcs230.o(i.Mid_Value_uint16_t)
    Mid_Value_uint32_t                       0x08001d49   Thumb Code    78  tcs230.o(i.Mid_Value_uint32_t)
    NMI_Handler                              0x08001d97   Thumb Code     2  stm32f10x_it.o(i.NMI_Handler)
    NVIC_Configuration                       0x08001d99   Thumb Code    34  nvic.o(i.NVIC_Configuration)
    NVIC_Configuration_All                   0x08001dbb   Thumb Code    72  nvic.o(i.NVIC_Configuration_All)
    NVIC_Init                                0x08001e05   Thumb Code   118  misc.o(i.NVIC_Init)
    NVIC_PriorityGroupConfig                 0x08001e89   Thumb Code    10  misc.o(i.NVIC_PriorityGroupConfig)
    OSInit                                   0x08001e9d   Thumb Code    36  os_core.o(i.OSInit)
    OSInitHookBegin                          0x08001ec1   Thumb Code     2  os_cpu_c.o(i.OSInitHookBegin)
    OSInitHookEnd                            0x08001ec3   Thumb Code     2  os_cpu_c.o(i.OSInitHookEnd)
    OSIntEnter                               0x08001ec5   Thumb Code    28  os_core.o(i.OSIntEnter)
    OSIntExit                                0x08001ee9   Thumb Code   112  os_core.o(i.OSIntExit)
    OSSemCreate                              0x08001f79   Thumb Code    78  os_sem.o(i.OSSemCreate)
    OSSemPost                                0x08001fd1   Thumb Code    94  os_sem.o(i.OSSemPost)
    OSStart                                  0x08002031   Thumb Code    48  os_core.o(i.OSStart)
    OSTCBInitHook                            0x08002079   Thumb Code     2  os_cpu_c.o(i.OSTCBInitHook)
    OSTaskCreate                             0x0800207d   Thumb Code   156  os_task.o(i.OSTaskCreate)
    OSTaskCreateExt                          0x08002125   Thumb Code   180  os_task.o(i.OSTaskCreateExt)
    OSTaskCreateHook                         0x080021e5   Thumb Code     2  os_cpu_c.o(i.OSTaskCreateHook)
    OSTaskIdleHook                           0x080021e7   Thumb Code     2  os_cpu_c.o(i.OSTaskIdleHook)
    OSTaskNameSet                            0x080021e9   Thumb Code   160  os_task.o(i.OSTaskNameSet)
    OSTaskResume                             0x08002295   Thumb Code   168  os_task.o(i.OSTaskResume)
    OSTaskStatHook                           0x0800234d   Thumb Code     2  os_cpu_c.o(i.OSTaskStatHook)
    OSTaskStkChk                             0x08002351   Thumb Code   150  os_task.o(i.OSTaskStkChk)
    OSTaskStkInit                            0x080023f1   Thumb Code   154  os_cpu_c.o(i.OSTaskStkInit)
    OSTaskSuspend                            0x0800248d   Thumb Code   172  os_task.o(i.OSTaskSuspend)
    OSTaskSwHook                             0x08002549   Thumb Code     2  os_cpu_c.o(i.OSTaskSwHook)
    OSTimeDly                                0x0800254d   Thumb Code    96  os_time.o(i.OSTimeDly)
    OSTimeDlyHMSM                            0x080025bd   Thumb Code   160  os_time.o(i.OSTimeDlyHMSM)
    OSTimeTick                               0x08002661   Thumb Code   220  os_core.o(i.OSTimeTick)
    OSTimeTickHook                           0x08002755   Thumb Code     2  os_cpu_c.o(i.OSTimeTickHook)
    OS_EventTaskRdy                          0x08002759   Thumb Code   130  os_core.o(i.OS_EventTaskRdy)
    OS_EventTaskRemove                       0x080027ed   Thumb Code    42  os_core.o(i.OS_EventTaskRemove)
    OS_EventTaskRemoveMulti                  0x08002817   Thumb Code    60  os_core.o(i.OS_EventTaskRemoveMulti)
    OS_EventWaitListInit                     0x08002853   Thumb Code    28  os_core.o(i.OS_EventWaitListInit)
    OS_MemClr                                0x08002a65   Thumb Code    18  os_core.o(i.OS_MemClr)
    OS_Sched                                 0x08002a79   Thumb Code    86  os_core.o(i.OS_Sched)
    OS_StrCopy                               0x08002b19   Thumb Code    28  os_core.o(i.OS_StrCopy)
    OS_StrLen                                0x08002b35   Thumb Code    20  os_core.o(i.OS_StrLen)
    OS_TCBInit                               0x08002b49   Thumb Code   274  os_core.o(i.OS_TCBInit)
    OS_TaskIdle                              0x08002c75   Thumb Code    32  os_core.o(i.OS_TaskIdle)
    OS_TaskStat                              0x08002c99   Thumb Code   114  os_core.o(i.OS_TaskStat)
    OS_TaskStatStkChk                        0x08002d21   Thumb Code    54  os_core.o(i.OS_TaskStatStkChk)
    OS_TaskStkClr                            0x08002d5d   Thumb Code    26  os_task.o(i.OS_TaskStkClr)
    Output_Frequency                         0x08002d77   Thumb Code    82  tcs230.o(i.Output_Frequency)
    RCC_APB1PeriphClockCmd                   0x08002dc9   Thumb Code    26  stm32f10x_rcc.o(i.RCC_APB1PeriphClockCmd)
    RCC_APB1PeriphResetCmd                   0x08002de9   Thumb Code    26  stm32f10x_rcc.o(i.RCC_APB1PeriphResetCmd)
    RCC_APB2PeriphClockCmd                   0x08002e09   Thumb Code    26  stm32f10x_rcc.o(i.RCC_APB2PeriphClockCmd)
    RCC_APB2PeriphResetCmd                   0x08002e29   Thumb Code    26  stm32f10x_rcc.o(i.RCC_APB2PeriphResetCmd)
    RCC_Configuration                        0x08002e49   Thumb Code    98  rcc.o(i.RCC_Configuration)
    RCC_DeInit                               0x08002ead   Thumb Code    64  stm32f10x_rcc.o(i.RCC_DeInit)
    RCC_GetClocksFreq                        0x08002ef9   Thumb Code   192  stm32f10x_rcc.o(i.RCC_GetClocksFreq)
    RCC_GetFlagStatus                        0x08002fcd   Thumb Code    56  stm32f10x_rcc.o(i.RCC_GetFlagStatus)
    RCC_GetSYSCLKSource                      0x08003009   Thumb Code    10  stm32f10x_rcc.o(i.RCC_GetSYSCLKSource)
    RCC_HCLKConfig                           0x08003019   Thumb Code    18  stm32f10x_rcc.o(i.RCC_HCLKConfig)
    RCC_HSEConfig                            0x08003031   Thumb Code    70  stm32f10x_rcc.o(i.RCC_HSEConfig)
    RCC_PCLK1Config                          0x0800307d   Thumb Code    18  stm32f10x_rcc.o(i.RCC_PCLK1Config)
    RCC_PCLK2Config                          0x08003095   Thumb Code    20  stm32f10x_rcc.o(i.RCC_PCLK2Config)
    RCC_PLLCmd                               0x080030ad   Thumb Code     6  stm32f10x_rcc.o(i.RCC_PLLCmd)
    RCC_PLLConfig                            0x080030b9   Thumb Code    24  stm32f10x_rcc.o(i.RCC_PLLConfig)
    RCC_SYSCLKConfig                         0x080030d5   Thumb Code    18  stm32f10x_rcc.o(i.RCC_SYSCLKConfig)
    RCC_WaitForHSEStartUp                    0x080030ed   Thumb Code    48  stm32f10x_rcc.o(i.RCC_WaitForHSEStartUp)
    RGB_Pro_Check                            0x0800311d   Thumb Code    14  tcs230.o(i.RGB_Pro_Check)
    Read_Flash_Data                          0x0800312b   Thumb Code    54  flash.o(i.Read_Flash_Data)
    SVC_Handler                              0x08003161   Thumb Code     2  stm32f10x_it.o(i.SVC_Handler)
    Scanning_Max_Min                         0x08003163   Thumb Code   156  tcs230.o(i.Scanning_Max_Min)
    Send_Command                             0x08003201   Thumb Code    96  lcd12864.o(i.Send_Command)
    Send_data                                0x08003265   Thumb Code    96  lcd12864.o(i.Send_data)
    Site_Scanning                            0x08003399   Thumb Code   796  tcs230.o(i.Site_Scanning)
    SysTick_Handler                          0x080036d5   Thumb Code    16  stm32f10x_it.o(i.SysTick_Handler)
    SysTick_init                             0x080036e5   Thumb Code    80  bsp.o(i.SysTick_init)
    SystemInit                               0x08003741   Thumb Code    78  system_stm32f10x.o(i.SystemInit)
    TCS230_CAP_Task                          0x080037a1   Thumb Code   900  tcs230.o(i.TCS230_CAP_Task)
    TCS230_CK_LED                            0x08003b55   Thumb Code    30  tcs230.o(i.TCS230_CK_LED)
    TCS230_Config                            0x08003b79   Thumb Code   626  tcs230.o(i.TCS230_Config)
    TCS230_DR_LED                            0x08003e1d   Thumb Code    30  tcs230.o(i.TCS230_DR_LED)
    TCS230_Error_LED                         0x08003e41   Thumb Code    26  app.o(i.TCS230_Error_LED)
    TCS230_LED                               0x08003e61   Thumb Code    26  stm32f10x_it.o(i.TCS230_LED)
    TCS230_S0                                0x08003e81   Thumb Code    30  tcs230.o(i.TCS230_S0)
    TCS230_S1                                0x08003ea5   Thumb Code    30  tcs230.o(i.TCS230_S1)
    TCS230_S2                                0x08003ec9   Thumb Code    26  tcs230.o(i.TCS230_S2)
    TCS230_S3                                0x08003ee9   Thumb Code    26  tcs230.o(i.TCS230_S3)
    TIM2_IRQHandler                          0x08004129   Thumb Code   282  stm32f10x_it.o(i.TIM2_IRQHandler)
    TIM3_IRQHandler                          0x08004251   Thumb Code   302  stm32f10x_it.o(i.TIM3_IRQHandler)
    TIM4_IRQHandler                          0x080043a5   Thumb Code   204  stm32f10x_it.o(i.TIM4_IRQHandler)
    TIMX_Capture_All                         0x08004491   Thumb Code    88  tim.o(i.TIMX_Capture_All)
    TIMX_Config_All                          0x080044f1   Thumb Code    68  tim.o(i.TIMX_Config_All)
    TIM_ClearFlag                            0x0800453d   Thumb Code     6  stm32f10x_tim.o(i.TIM_ClearFlag)
    TIM_Cmd                                  0x08004543   Thumb Code    24  stm32f10x_tim.o(i.TIM_Cmd)
    TIM_DeInit                               0x0800455d   Thumb Code   424  stm32f10x_tim.o(i.TIM_DeInit)
    TIM_GetITStatus                          0x08004745   Thumb Code    34  stm32f10x_tim.o(i.TIM_GetITStatus)
    TIM_ICInit                               0x08004769   Thumb Code   150  stm32f10x_tim.o(i.TIM_ICInit)
    TIM_ITConfig                             0x08004815   Thumb Code    24  stm32f10x_tim.o(i.TIM_ITConfig)
    TIM_SetIC1Prescaler                      0x0800482d   Thumb Code    18  stm32f10x_tim.o(i.TIM_SetIC1Prescaler)
    TIM_SetIC2Prescaler                      0x0800483f   Thumb Code    22  stm32f10x_tim.o(i.TIM_SetIC2Prescaler)
    TIM_SetIC3Prescaler                      0x08004855   Thumb Code    18  stm32f10x_tim.o(i.TIM_SetIC3Prescaler)
    TIM_SetIC4Prescaler                      0x08004867   Thumb Code    22  stm32f10x_tim.o(i.TIM_SetIC4Prescaler)
    TIM_TimeBaseInit                         0x0800487d   Thumb Code   122  stm32f10x_tim.o(i.TIM_TimeBaseInit)
    TIMx_Capture_Config                      0x08004921   Thumb Code   446  tim.o(i.TIMx_Capture_Config)
    TIMx_Configuration                       0x08004aed   Thumb Code   160  tim.o(i.TIMx_Configuration)
    Task_Bounded_Check                       0x08004b8d   Thumb Code    34  app.o(i.Task_Bounded_Check)
    Task_Count_Ehite_Line                    0x08004bc5   Thumb Code    40  app.o(i.Task_Count_Ehite_Line)
    Task_DAQ                                 0x08004bf1   Thumb Code    10  app.o(i.Task_DAQ)
    Task_Display                             0x08004bfd   Thumb Code   390  app.o(i.Task_Display)
    Task_Key_Scan                            0x08004da5   Thumb Code    20  app.o(i.Task_Key_Scan)
    Task_Site_Scanning                       0x08004db9   Thumb Code    36  app.o(i.Task_Site_Scanning)
    Task_Start                               0x08004de1   Thumb Code   160  app.o(i.Task_Start)
    Task_USART                               0x08004ecd   Thumb Code    58  app.o(i.Task_USART)
    USART3_IRQHandler                        0x08004f09   Thumb Code   216  stm32f10x_it.o(i.USART3_IRQHandler)
    USART_ClearITPendingBit                  0x08004fe9   Thumb Code    30  stm32f10x_usart.o(i.USART_ClearITPendingBit)
    USART_Cmd                                0x08005007   Thumb Code    24  stm32f10x_usart.o(i.USART_Cmd)
    USART_Config_All                         0x08005021   Thumb Code    44  usart.o(i.USART_Config_All)
    USART_GetFlagStatus                      0x08005055   Thumb Code    26  stm32f10x_usart.o(i.USART_GetFlagStatus)
    USART_GetITStatus                        0x0800506f   Thumb Code    84  stm32f10x_usart.o(i.USART_GetITStatus)
    USART_ITConfig                           0x080050c3   Thumb Code    74  stm32f10x_usart.o(i.USART_ITConfig)
    USART_Init                               0x0800510d   Thumb Code   210  stm32f10x_usart.o(i.USART_Init)
    USART_ReceiveData                        0x080051e5   Thumb Code    10  stm32f10x_usart.o(i.USART_ReceiveData)
    USART_SendData                           0x080051ef   Thumb Code     8  stm32f10x_usart.o(i.USART_SendData)
    USARTx_Init                              0x080051f7   Thumb Code    82  usart.o(i.USARTx_Init)
    USB_LP_CAN1_RX0_IRQHandler               0x08005249   Thumb Code    16  stm32f10x_it.o(i.USB_LP_CAN1_RX0_IRQHandler)
    UsageFault_Handler                       0x08005259   Thumb Code     4  stm32f10x_it.o(i.UsageFault_Handler)
    WhiteBalance_task                        0x0800525d   Thumb Code   100  app.o(i.WhiteBalance_task)
    White_Balance                            0x080052cd   Thumb Code   888  tcs230.o(i.White_Balance)
    White_Line_Deviation                     0x08005671   Thumb Code  1166  tcs230.o(i.White_Line_Deviation)
    __0printf$1                              0x08005b09   Thumb Code    22  printf1.o(i.__0printf$1)
    __1printf$1                              0x08005b09   Thumb Code     0  printf1.o(i.__0printf$1)
    __2printf                                0x08005b09   Thumb Code     0  printf1.o(i.__0printf$1)
    __scatterload_copy                       0x08005b29   Thumb Code    14  handlers.o(i.__scatterload_copy)
    __scatterload_null                       0x08005b37   Thumb Code     2  handlers.o(i.__scatterload_null)
    __scatterload_zeroinit                   0x08005b39   Thumb Code    14  handlers.o(i.__scatterload_zeroinit)
    __set_errno                              0x08005b49   Thumb Code     6  errno.o(i.__set_errno)
    float2str                                0x08005ca9   Thumb Code   152  lcd12864.o(i.float2str)
    fputc                                    0x08005d4d   Thumb Code    32  usart.o(i.fputc)
    int2str                                  0x08005d71   Thumb Code    86  lcd12864.o(i.int2str)
    main                                     0x08005dd1   Thumb Code    30  main.o(i.main)
    sqrt                                     0x08005df9   Thumb Code    74  sqrt.o(i.sqrt)
    num_table                                0x08005e42   Data          17  lcd12864.o(.constdata)
    font5x8                                  0x08005e53   Data         475  lcd12864.o(.constdata)
    OSUnMapTbl                               0x08006052   Data         256  os_core.o(.constdata)
    Region$$Table$$Base                      0x08006154   Number         0  anon$$obj.o(Region$$Table)
    Region$$Table$$Limit                     0x08006174   Number         0  anon$$obj.o(Region$$Table)
    num                                      0x20000000   Data           8  stm32f10x_it.o(.data)
    TIM_CCR_Status                           0x20000008   Data           1  stm32f10x_it.o(.data)
    SystemCoreClock                          0x20000020   Data           4  system_stm32f10x.o(.data)
    AHBPrescTable                            0x20000024   Data          16  system_stm32f10x.o(.data)
    adjust_direction                         0x20000034   Data           1  tcs230.o(.data)
    adjust_distance                          0x20000036   Data           2  tcs230.o(.data)
    white_line_num                           0x20000038   Data           1  tcs230.o(.data)
    colour_flag                              0x20000039   Data           1  tcs230.o(.data)
    colour_flag_num                          0x2000003a   Data           1  tcs230.o(.data)
    WhiteBalance_status                      0x2000003b   Data           1  tcs230.o(.data)
    RefValue_min                             0x2000003c   Data           2  tcs230.o(.data)
    TCS230_Semp                              0x20000040   Data           4  app.o(.data)
    KeyScan_Semp                             0x20000044   Data           4  app.o(.data)
    TaskEnd_Semp                             0x20000048   Data           4  app.o(.data)
    err                                      0x2000004c   Data           1  app.o(.data)
    OSCtxSwCtr                               0x20000050   Data           4  os_core.o(.data)
    OSEventFreeList                          0x20000054   Data           4  os_core.o(.data)
    OSCPUUsage                               0x20000058   Data           1  os_core.o(.data)
    OSIdleCtrMax                             0x2000005c   Data           4  os_core.o(.data)
    OSIdleCtrRun                             0x20000060   Data           4  os_core.o(.data)
    OSStatRdy                                0x20000064   Data           1  os_core.o(.data)
    OSIntNesting                             0x20000065   Data           1  os_core.o(.data)
    OSLockNesting                            0x20000066   Data           1  os_core.o(.data)
    OSPrioCur                                0x20000067   Data           1  os_core.o(.data)
    OSPrioHighRdy                            0x20000068   Data           1  os_core.o(.data)
    OSRdyGrp                                 0x20000069   Data           1  os_core.o(.data)
    OSRdyTbl                                 0x2000006a   Data           8  os_core.o(.data)
    OSRunning                                0x20000072   Data           1  os_core.o(.data)
    OSTaskCtr                                0x20000073   Data           1  os_core.o(.data)
    OSIdleCtr                                0x20000074   Data           4  os_core.o(.data)
    OSTCBCur                                 0x20000078   Data           4  os_core.o(.data)
    OSTCBFreeList                            0x2000007c   Data           4  os_core.o(.data)
    OSTCBHighRdy                             0x20000080   Data           4  os_core.o(.data)
    OSTCBList                                0x20000084   Data           4  os_core.o(.data)
    OSTickStepState                          0x20000088   Data           1  os_core.o(.data)
    OSTime                                   0x2000008c   Data           4  os_core.o(.data)
    __stdout                                 0x20000090   Data           4  stdout.o(.data)
    TCS230_Period                            0x20000298   Data         112  tcs230.o(.bss)
    R_Val                                    0x20000308   Data          16  tcs230.o(.bss)
    G_Val                                    0x20000318   Data          16  tcs230.o(.bss)
    B_Val                                    0x20000328   Data          16  tcs230.o(.bss)
    R_Pro                                    0x20000338   Data         192  tcs230.o(.bss)
    G_Pro                                    0x200003f8   Data         192  tcs230.o(.bss)
    B_Pro                                    0x200004b8   Data         192  tcs230.o(.bss)
    test_i                                   0x20000578   Data          32  tcs230.o(.bss)
    R_Type                                   0x20000598   Data          84  tcs230.o(.bss)
    G_Type                                   0x200005ec   Data          84  tcs230.o(.bss)
    B_Type                                   0x20000640   Data          84  tcs230.o(.bss)
    R_Type_Now                               0x20000694   Data          12  tcs230.o(.bss)
    G_Type_Now                               0x200006a0   Data          12  tcs230.o(.bss)
    B_Type_Now                               0x200006ac   Data          12  tcs230.o(.bss)
    RG_Ratio_Ref                             0x200006b8   Data          28  tcs230.o(.bss)
    GB_Ratio_Ref                             0x200006d4   Data          28  tcs230.o(.bss)
    RB_Ratio_Ref                             0x200006f0   Data          28  tcs230.o(.bss)
    Display_task_stk                         0x2000070c   Data         512  app.o(.bss)
    DAQ_task_stk                             0x2000090c   Data        1024  app.o(.bss)
    WhiteBalance_task_stk                    0x20000d0c   Data         512  app.o(.bss)
    Bounded_Check_task_stk                   0x20000f0c   Data        1024  app.o(.bss)
    USART_task_stk                           0x2000130c   Data         512  app.o(.bss)
    Site_Scanning_task_stk                   0x2000150c   Data        1024  app.o(.bss)
    Key_Scan_task_stk                        0x2000190c   Data         512  app.o(.bss)
    Count_Ehite_Line_task_stk                0x20001b0c   Data         512  app.o(.bss)
    OSEventTbl                               0x20001d0c   Data         360  os_core.o(.bss)
    OSTaskStatStk                            0x20001e74   Data         512  os_core.o(.bss)
    OSTaskIdleStk                            0x20002074   Data         512  os_core.o(.bss)
    OSTCBPrioTbl                             0x20002274   Data         256  os_core.o(.bss)
    OSTCBTbl                                 0x20002374   Data        5376  os_core.o(.bss)
    __initial_sp                             0x20003c78   Data           0  startup_stm32f10x_hd.o(STACK)



==============================================================================

Memory Map of the image

  Image Entry point : 0x08000131

  Load Region LR_IROM1 (Base: 0x08000000, Size: 0x0000620c, Max: 0x00010000, ABSOLUTE)

    Execution Region ER_IROM1 (Base: 0x08000000, Size: 0x00006174, Max: 0x00010000, ABSOLUTE)

    Base Addr    Size         Type   Attr      Idx    E Section Name        Object

    0x08000000   0x00000130   Data   RO            3    RESET               startup_stm32f10x_hd.o
    0x08000130   0x00000000   Code   RO         4816  * .ARM.Collect$$$$00000000  mc_w.l(entry.o)(mc_w.l)
    0x08000130   0x00000004   Code   RO         5112    .ARM.Collect$$$$00000001  mc_w.l(entry2.o)(mc_w.l)
    0x08000134   0x00000004   Code   RO         5115    .ARM.Collect$$$$00000004  mc_w.l(entry5.o)(mc_w.l)
    0x08000138   0x00000008   Code   RO         5116    .ARM.Collect$$$$00000007  mc_w.l(entry7.o)(mc_w.l)
    0x08000140   0x00000004   Code   RO         5113    .ARM.Collect$$$$00002712  mc_w.l(entry2.o)(mc_w.l)
    0x08000144   0x00000024   Code   RO            4    .text               startup_stm32f10x_hd.o
    0x08000168   0x000000a4   Code   RO         4660    .text               os_cpu_a.o
    0x0800020c   0x000000b0   Code   RO         5080    .text               mf_w.l(fadd.o)(mf_w.l)
    0x080002bc   0x0000006c   Code   RO         5082    .text               mf_w.l(fmul.o)(mf_w.l)
    0x08000328   0x00000080   Code   RO         5084    .text               mf_w.l(fdiv.o)(mf_w.l)
    0x080003a8   0x0000014a   Code   RO         5086    .text               mf_w.l(dadd.o)(mf_w.l)
    0x080004f2   0x000000e2   Code   RO         5088    .text               mf_w.l(dmul.o)(mf_w.l)
    0x080005d4   0x000000de   Code   RO         5090    .text               mf_w.l(ddiv.o)(mf_w.l)
    0x080006b2   0x00000012   Code   RO         5092    .text               mf_w.l(fflti.o)(mf_w.l)
    0x080006c4   0x0000000a   Code   RO         5094    .text               mf_w.l(ffltui.o)(mf_w.l)
    0x080006ce   0x00000022   Code   RO         5096    .text               mf_w.l(dflti.o)(mf_w.l)
    0x080006f0   0x00000028   Code   RO         5098    .text               mf_w.l(ffixui.o)(mf_w.l)
    0x08000718   0x0000002e   Code   RO         5102    .text               mf_w.l(dfixui.o)(mf_w.l)
    0x08000746   0x0000002c   Code   RO         5104    .text               mf_w.l(f2d.o)(mf_w.l)
    0x08000772   0x00000002   PAD
    0x08000774   0x00000028   Code   RO         5106    .text               mf_w.l(cdcmple.o)(mf_w.l)
    0x0800079c   0x00000038   Code   RO         5108    .text               mf_w.l(d2f.o)(mf_w.l)
    0x080007d4   0x00000014   Code   RO         5110    .text               mf_w.l(cfcmple.o)(mf_w.l)
    0x080007e8   0x0000002c   Code   RO         5118    .text               mc_w.l(uidiv.o)(mc_w.l)
    0x08000814   0x0000001e   Code   RO         5122    .text               mc_w.l(llshl.o)(mc_w.l)
    0x08000832   0x00000020   Code   RO         5124    .text               mc_w.l(llushr.o)(mc_w.l)
    0x08000852   0x00000024   Code   RO         5126    .text               mc_w.l(llsshr.o)(mc_w.l)
    0x08000876   0x00000000   Code   RO         5135    .text               mc_w.l(iusefp.o)(mc_w.l)
    0x08000876   0x00000070   Code   RO         5136    .text               mf_w.l(fepilogue.o)(mf_w.l)
    0x080008e6   0x000000c2   Code   RO         5138    .text               mf_w.l(depilogue.o)(mf_w.l)
    0x080009a8   0x000000a0   Code   RO         5140    .text               mf_w.l(dsqrt.o)(mf_w.l)
    0x08000a48   0x00000024   Code   RO         5146    .text               mc_w.l(init.o)(mc_w.l)
    0x08000a6c   0x0000000e   Code   RO         3789    i.ABS               tcs230.o
    0x08000a7a   0x0000002c   Code   RO         3332    i.BSP_Init          bsp.o
    0x08000aa6   0x00000004   Code   RO          186    i.BusFault_Handler  stm32f10x_it.o
    0x08000aaa   0x00000002   PAD
    0x08000aac   0x000000d4   Code   RO         3699    i.CAN1_Configuration  can.o
    0x08000b80   0x000000bc   Code   RO         3790    i.CAN1_ReceiveData  tcs230.o
    0x08000c3c   0x0000007c   Code   RO         3791    i.CAN1_SendData     tcs230.o
    0x08000cb8   0x00000038   Code   RO          643    i.CAN_DeInit        stm32f10x_can.o
    0x08000cf0   0x00000118   Code   RO          645    i.CAN_FilterInit    stm32f10x_can.o
    0x08000e08   0x00000012   Code   RO          651    i.CAN_ITConfig      stm32f10x_can.o
    0x08000e1a   0x0000011c   Code   RO          652    i.CAN_Init          stm32f10x_can.o
    0x08000f36   0x000000f0   Code   RO          655    i.CAN_Receive       stm32f10x_can.o
    0x08001026   0x00000020   Code   RO          658    i.CAN_StructInit    stm32f10x_can.o
    0x08001046   0x00000126   Code   RO          660    i.CAN_Transmit      stm32f10x_can.o
    0x0800116c   0x000000a0   Code   RO          661    i.CAN_TransmitStatus  stm32f10x_can.o
    0x0800120c   0x0000002a   Code   RO         3450    i.Clear_LCD         lcd12864.o
    0x08001236   0x00000002   PAD
    0x08001238   0x00000080   Code   RO         3792    i.Count_white_Line  tcs230.o
    0x080012b8   0x00000056   Code   RO         3793    i.Data_Manage       tcs230.o
    0x0800130e   0x00000002   Code   RO          187    i.DebugMon_Handler  stm32f10x_it.o
    0x08001310   0x00000044   Code   RO          188    i.EXTI15_10_IRQHandler  stm32f10x_it.o
    0x08001354   0x00000010   Code   RO         3573    i.EXTI_AllConfiguration  exti.o
    0x08001364   0x0000000c   Code   RO         1113    i.EXTI_ClearITPendingBit  stm32f10x_exti.o
    0x08001370   0x0000003a   Code   RO         3574    i.EXTI_Configuration  exti.o
    0x080013aa   0x00000002   PAD
    0x080013ac   0x00000018   Code   RO         1116    i.EXTI_GetFlagStatus  stm32f10x_exti.o
    0x080013c4   0x000000ac   Code   RO         1118    i.EXTI_Init         stm32f10x_exti.o
    0x08001470   0x0000000c   Code   RO         1166    i.FLASH_ClearFlag   stm32f10x_flash.o
    0x0800147c   0x0000004c   Code   RO         1171    i.FLASH_ErasePage   stm32f10x_flash.o
    0x080014c8   0x00000038   Code   RO         1172    i.FLASH_GetBank1Status  stm32f10x_flash.o
    0x08001500   0x00000038   Code   RO         1176    i.FLASH_GetStatus   stm32f10x_flash.o
    0x08001538   0x00000014   Code   RO         1181    i.FLASH_Lock        stm32f10x_flash.o
    0x0800154c   0x00000064   Code   RO         1186    i.FLASH_ProgramWord  stm32f10x_flash.o
    0x080015b0   0x00000018   Code   RO         1189    i.FLASH_Unlock      stm32f10x_flash.o
    0x080015c8   0x00000026   Code   RO         1193    i.FLASH_WaitForLastOperation  stm32f10x_flash.o
    0x080015ee   0x00000052   Code   RO         3794    i.Filter_Set        tcs230.o
    0x08001640   0x0000003e   Code   RO         3531    i.Flash_Erase_Page  flash.o
    0x0800167e   0x00000040   Code   RO         3533    i.Flash_Write_32Data  flash.o
    0x080016be   0x00000038   Code   RO         3354    i.GPIO_Config       gpio.o
    0x080016f6   0x00000002   PAD
    0x080016f8   0x00000040   Code   RO         1463    i.GPIO_EXTILineConfig  stm32f10x_gpio.o
    0x08001738   0x00000112   Code   RO         1466    i.GPIO_Init         stm32f10x_gpio.o
    0x0800184a   0x00000002   PAD
    0x0800184c   0x00000090   Code   RO         1468    i.GPIO_PinRemapConfig  stm32f10x_gpio.o
    0x080018dc   0x00000012   Code   RO         1470    i.GPIO_ReadInputDataBit  stm32f10x_gpio.o
    0x080018ee   0x00000004   Code   RO         1473    i.GPIO_ResetBits    stm32f10x_gpio.o
    0x080018f2   0x00000004   Code   RO         1474    i.GPIO_SetBits      stm32f10x_gpio.o
    0x080018f6   0x00000004   Code   RO          189    i.HardFault_Handler  stm32f10x_it.o
    0x080018fa   0x00000002   PAD
    0x080018fc   0x00000158   Code   RO         3795    i.Judge_Colour      tcs230.o
    0x08001a54   0x00000070   Code   RO         3796    i.Key_Scan          tcs230.o
    0x08001ac4   0x00000026   Code   RO         3451    i.LCD_Display_float  lcd12864.o
    0x08001aea   0x00000026   Code   RO         3452    i.LCD_Display_int   lcd12864.o
    0x08001b10   0x0000003c   Code   RO         3453    i.LCD_GPIO_Config   lcd12864.o
    0x08001b4c   0x00000068   Code   RO         3454    i.LCD_Init          lcd12864.o
    0x08001bb4   0x00000022   Code   RO         3455    i.LCD_Write_string  lcd12864.o
    0x08001bd6   0x0000002c   Code   RO         3456    i.LCD_set_XY        lcd12864.o
    0x08001c02   0x00000002   PAD
    0x08001c04   0x00000030   Code   RO         3457    i.LCD_write_char    lcd12864.o
    0x08001c34   0x00000042   Code   RO         3797    i.LightBoard_RedLed  tcs230.o
    0x08001c76   0x00000004   Code   RO          190    i.MemManage_Handler  stm32f10x_it.o
    0x08001c7a   0x00000080   Code   RO         3798    i.Mid_Value         tcs230.o
    0x08001cfa   0x0000004e   Code   RO         3799    i.Mid_Value_uint16_t  tcs230.o
    0x08001d48   0x0000004e   Code   RO         3800    i.Mid_Value_uint32_t  tcs230.o
    0x08001d96   0x00000002   Code   RO          191    i.NMI_Handler       stm32f10x_it.o
    0x08001d98   0x00000022   Code   RO         3372    i.NVIC_Configuration  nvic.o
    0x08001dba   0x00000048   Code   RO         3373    i.NVIC_Configuration_All  nvic.o
    0x08001e02   0x00000002   PAD
    0x08001e04   0x00000084   Code   RO          303    i.NVIC_Init         misc.o
    0x08001e88   0x00000014   Code   RO          304    i.NVIC_PriorityGroupConfig  misc.o
    0x08001e9c   0x00000024   Code   RO         4201    i.OSInit            os_core.o
    0x08001ec0   0x00000002   Code   RO         4663    i.OSInitHookBegin   os_cpu_c.o
    0x08001ec2   0x00000002   Code   RO         4664    i.OSInitHookEnd     os_cpu_c.o
    0x08001ec4   0x00000024   Code   RO         4202    i.OSIntEnter        os_core.o
    0x08001ee8   0x00000090   Code   RO         4203    i.OSIntExit         os_core.o
    0x08001f78   0x00000058   Code   RO         4487    i.OSSemCreate       os_sem.o
    0x08001fd0   0x0000005e   Code   RO         4491    i.OSSemPost         os_sem.o
    0x0800202e   0x00000002   PAD
    0x08002030   0x00000048   Code   RO         4206    i.OSStart           os_core.o
    0x08002078   0x00000002   Code   RO         4665    i.OSTCBInitHook     os_cpu_c.o
    0x0800207a   0x00000002   PAD
    0x0800207c   0x000000a8   Code   RO         4541    i.OSTaskCreate      os_task.o
    0x08002124   0x000000c0   Code   RO         4542    i.OSTaskCreateExt   os_task.o
    0x080021e4   0x00000002   Code   RO         4666    i.OSTaskCreateHook  os_cpu_c.o
    0x080021e6   0x00000002   Code   RO         4668    i.OSTaskIdleHook    os_cpu_c.o
    0x080021e8   0x000000ac   Code   RO         4546    i.OSTaskNameSet     os_task.o
    0x08002294   0x000000b8   Code   RO         4548    i.OSTaskResume      os_task.o
    0x0800234c   0x00000002   Code   RO         4669    i.OSTaskStatHook    os_cpu_c.o
    0x0800234e   0x00000002   PAD
    0x08002350   0x000000a0   Code   RO         4549    i.OSTaskStkChk      os_task.o
    0x080023f0   0x0000009a   Code   RO         4670    i.OSTaskStkInit     os_cpu_c.o
    0x0800248a   0x00000002   PAD
    0x0800248c   0x000000bc   Code   RO         4550    i.OSTaskSuspend     os_task.o
    0x08002548   0x00000002   Code   RO         4671    i.OSTaskSwHook      os_cpu_c.o
    0x0800254a   0x00000002   PAD
    0x0800254c   0x00000070   Code   RO         4618    i.OSTimeDly         os_time.o
    0x080025bc   0x000000a4   Code   RO         4619    i.OSTimeDlyHMSM     os_time.o
    0x08002660   0x000000f4   Code   RO         4208    i.OSTimeTick        os_core.o
    0x08002754   0x00000002   Code   RO         4672    i.OSTimeTickHook    os_cpu_c.o
    0x08002756   0x00000002   PAD
    0x08002758   0x00000094   Code   RO         4211    i.OS_EventTaskRdy   os_core.o
    0x080027ec   0x0000002a   Code   RO         4212    i.OS_EventTaskRemove  os_core.o
    0x08002816   0x0000003c   Code   RO         4213    i.OS_EventTaskRemoveMulti  os_core.o
    0x08002852   0x0000001c   Code   RO         4216    i.OS_EventWaitListInit  os_core.o
    0x0800286e   0x00000002   PAD
    0x08002870   0x00000050   Code   RO         4217    i.OS_InitEventList  os_core.o
    0x080028c0   0x00000054   Code   RO         4218    i.OS_InitMisc       os_core.o
    0x08002914   0x00000048   Code   RO         4219    i.OS_InitRdyList    os_core.o
    0x0800295c   0x00000068   Code   RO         4220    i.OS_InitTCBList    os_core.o
    0x080029c4   0x00000050   Code   RO         4221    i.OS_InitTaskIdle   os_core.o
    0x08002a14   0x00000050   Code   RO         4222    i.OS_InitTaskStat   os_core.o
    0x08002a64   0x00000012   Code   RO         4223    i.OS_MemClr         os_core.o
    0x08002a76   0x00000002   PAD
    0x08002a78   0x00000074   Code   RO         4225    i.OS_Sched          os_core.o
    0x08002aec   0x0000002c   Code   RO         4226    i.OS_SchedNew       os_core.o
    0x08002b18   0x0000001c   Code   RO         4227    i.OS_StrCopy        os_core.o
    0x08002b34   0x00000014   Code   RO         4228    i.OS_StrLen         os_core.o
    0x08002b48   0x0000012c   Code   RO         4229    i.OS_TCBInit        os_core.o
    0x08002c74   0x00000024   Code   RO         4230    i.OS_TaskIdle       os_core.o
    0x08002c98   0x00000088   Code   RO         4231    i.OS_TaskStat       os_core.o
    0x08002d20   0x0000003c   Code   RO         4232    i.OS_TaskStatStkChk  os_core.o
    0x08002d5c   0x0000001a   Code   RO         4551    i.OS_TaskStkClr     os_task.o
    0x08002d76   0x00000052   Code   RO         3801    i.Output_Frequency  tcs230.o
    0x08002dc8   0x00000020   Code   RO         1882    i.RCC_APB1PeriphClockCmd  stm32f10x_rcc.o
    0x08002de8   0x00000020   Code   RO         1883    i.RCC_APB1PeriphResetCmd  stm32f10x_rcc.o
    0x08002e08   0x00000020   Code   RO         1884    i.RCC_APB2PeriphClockCmd  stm32f10x_rcc.o
    0x08002e28   0x00000020   Code   RO         1885    i.RCC_APB2PeriphResetCmd  stm32f10x_rcc.o
    0x08002e48   0x00000062   Code   RO         3438    i.RCC_Configuration  rcc.o
    0x08002eaa   0x00000002   PAD
    0x08002eac   0x0000004c   Code   RO         1891    i.RCC_DeInit        stm32f10x_rcc.o
    0x08002ef8   0x000000d4   Code   RO         1892    i.RCC_GetClocksFreq  stm32f10x_rcc.o
    0x08002fcc   0x0000003c   Code   RO         1893    i.RCC_GetFlagStatus  stm32f10x_rcc.o
    0x08003008   0x00000010   Code   RO         1895    i.RCC_GetSYSCLKSource  stm32f10x_rcc.o
    0x08003018   0x00000018   Code   RO         1896    i.RCC_HCLKConfig    stm32f10x_rcc.o
    0x08003030   0x0000004c   Code   RO         1897    i.RCC_HSEConfig     stm32f10x_rcc.o
    0x0800307c   0x00000018   Code   RO         1903    i.RCC_PCLK1Config   stm32f10x_rcc.o
    0x08003094   0x00000018   Code   RO         1904    i.RCC_PCLK2Config   stm32f10x_rcc.o
    0x080030ac   0x0000000c   Code   RO         1905    i.RCC_PLLCmd        stm32f10x_rcc.o
    0x080030b8   0x0000001c   Code   RO         1906    i.RCC_PLLConfig     stm32f10x_rcc.o
    0x080030d4   0x00000018   Code   RO         1909    i.RCC_SYSCLKConfig  stm32f10x_rcc.o
    0x080030ec   0x00000030   Code   RO         1911    i.RCC_WaitForHSEStartUp  stm32f10x_rcc.o
    0x0800311c   0x0000000e   Code   RO         3802    i.RGB_Pro_Check     tcs230.o
    0x0800312a   0x00000036   Code   RO         3534    i.Read_Flash_Data   flash.o
    0x08003160   0x00000002   Code   RO          193    i.SVC_Handler       stm32f10x_it.o
    0x08003162   0x0000009c   Code   RO         3803    i.Scanning_Max_Min  tcs230.o
    0x080031fe   0x00000002   PAD
    0x08003200   0x00000064   Code   RO         3458    i.Send_Command      lcd12864.o
    0x08003264   0x00000064   Code   RO         3459    i.Send_data         lcd12864.o
    0x080032c8   0x00000008   Code   RO         3298    i.SetSysClock       system_stm32f10x.o
    0x080032d0   0x000000c8   Code   RO         3299    i.SetSysClockTo72   system_stm32f10x.o
    0x08003398   0x0000033c   Code   RO         3804    i.Site_Scanning     tcs230.o
    0x080036d4   0x00000010   Code   RO          194    i.SysTick_Handler   stm32f10x_it.o
    0x080036e4   0x0000005c   Code   RO         3333    i.SysTick_init      bsp.o
    0x08003740   0x00000060   Code   RO         3301    i.SystemInit        system_stm32f10x.o
    0x080037a0   0x000003b4   Code   RO         3805    i.TCS230_CAP_Task   tcs230.o
    0x08003b54   0x00000024   Code   RO         3937    i.TCS230_CK_LED     tcs230.o
    0x08003b78   0x000002a4   Code   RO         3806    i.TCS230_Config     tcs230.o
    0x08003e1c   0x00000024   Code   RO         3942    i.TCS230_DR_LED     tcs230.o
    0x08003e40   0x00000020   Code   RO         4183    i.TCS230_Error_LED  app.o
    0x08003e60   0x00000020   Code   RO          282    i.TCS230_LED        stm32f10x_it.o
    0x08003e80   0x00000024   Code   RO         3917    i.TCS230_S0         tcs230.o
    0x08003ea4   0x00000024   Code   RO         3922    i.TCS230_S1         tcs230.o
    0x08003ec8   0x00000020   Code   RO         3927    i.TCS230_S2         tcs230.o
    0x08003ee8   0x00000020   Code   RO         3932    i.TCS230_S3         tcs230.o
    0x08003f08   0x00000080   Code   RO         2506    i.TI1_Config        stm32f10x_tim.o
    0x08003f88   0x0000008c   Code   RO         2507    i.TI2_Config        stm32f10x_tim.o
    0x08004014   0x00000088   Code   RO         2508    i.TI3_Config        stm32f10x_tim.o
    0x0800409c   0x0000008c   Code   RO         2509    i.TI4_Config        stm32f10x_tim.o
    0x08004128   0x00000128   Code   RO          195    i.TIM2_IRQHandler   stm32f10x_it.o
    0x08004250   0x00000154   Code   RO          196    i.TIM3_IRQHandler   stm32f10x_it.o
    0x080043a4   0x000000ec   Code   RO          197    i.TIM4_IRQHandler   stm32f10x_it.o
    0x08004490   0x00000060   Code   RO         3591    i.TIMX_Capture_All  tim.o
    0x080044f0   0x0000004c   Code   RO         3592    i.TIMX_Config_All   tim.o
    0x0800453c   0x00000006   Code   RO         2516    i.TIM_ClearFlag     stm32f10x_tim.o
    0x08004542   0x00000018   Code   RO         2522    i.TIM_Cmd           stm32f10x_tim.o
    0x0800455a   0x00000002   PAD
    0x0800455c   0x000001e8   Code   RO         2527    i.TIM_DeInit        stm32f10x_tim.o
    0x08004744   0x00000022   Code   RO         2543    i.TIM_GetITStatus   stm32f10x_tim.o
    0x08004766   0x00000002   PAD
    0x08004768   0x000000ac   Code   RO         2545    i.TIM_ICInit        stm32f10x_tim.o
    0x08004814   0x00000018   Code   RO         2547    i.TIM_ITConfig      stm32f10x_tim.o
    0x0800482c   0x00000012   Code   RO         2588    i.TIM_SetIC1Prescaler  stm32f10x_tim.o
    0x0800483e   0x00000016   Code   RO         2589    i.TIM_SetIC2Prescaler  stm32f10x_tim.o
    0x08004854   0x00000012   Code   RO         2590    i.TIM_SetIC3Prescaler  stm32f10x_tim.o
    0x08004866   0x00000016   Code   RO         2591    i.TIM_SetIC4Prescaler  stm32f10x_tim.o
    0x0800487c   0x000000a4   Code   RO         2593    i.TIM_TimeBaseInit  stm32f10x_tim.o
    0x08004920   0x000001cc   Code   RO         3594    i.TIMx_Capture_Config  tim.o
    0x08004aec   0x000000a0   Code   RO         3595    i.TIMx_Configuration  tim.o
    0x08004b8c   0x00000038   Code   RO         4122    i.Task_Bounded_Check  app.o
    0x08004bc4   0x0000002c   Code   RO         4123    i.Task_Count_Ehite_Line  app.o
    0x08004bf0   0x0000000a   Code   RO         4124    i.Task_DAQ          app.o
    0x08004bfa   0x00000002   PAD
    0x08004bfc   0x000001a8   Code   RO         4125    i.Task_Display      app.o
    0x08004da4   0x00000014   Code   RO         4126    i.Task_Key_Scan     app.o
    0x08004db8   0x00000028   Code   RO         4127    i.Task_Site_Scanning  app.o
    0x08004de0   0x000000ec   Code   RO         4128    i.Task_Start        app.o
    0x08004ecc   0x0000003a   Code   RO         4129    i.Task_USART        app.o
    0x08004f06   0x00000002   PAD
    0x08004f08   0x000000e0   Code   RO          198    i.USART3_IRQHandler  stm32f10x_it.o
    0x08004fe8   0x0000001e   Code   RO         3055    i.USART_ClearITPendingBit  stm32f10x_usart.o
    0x08005006   0x00000018   Code   RO         3058    i.USART_Cmd         stm32f10x_usart.o
    0x0800501e   0x00000002   PAD
    0x08005020   0x00000034   Code   RO         3633    i.USART_Config_All  usart.o
    0x08005054   0x0000001a   Code   RO         3061    i.USART_GetFlagStatus  stm32f10x_usart.o
    0x0800506e   0x00000054   Code   RO         3062    i.USART_GetITStatus  stm32f10x_usart.o
    0x080050c2   0x0000004a   Code   RO         3064    i.USART_ITConfig    stm32f10x_usart.o
    0x0800510c   0x000000d8   Code   RO         3065    i.USART_Init        stm32f10x_usart.o
    0x080051e4   0x0000000a   Code   RO         3072    i.USART_ReceiveData  stm32f10x_usart.o
    0x080051ee   0x00000008   Code   RO         3075    i.USART_SendData    stm32f10x_usart.o
    0x080051f6   0x00000052   Code   RO         3634    i.USARTx_Init       usart.o
    0x08005248   0x00000010   Code   RO          199    i.USB_LP_CAN1_RX0_IRQHandler  stm32f10x_it.o
    0x08005258   0x00000004   Code   RO          200    i.UsageFault_Handler  stm32f10x_it.o
    0x0800525c   0x00000070   Code   RO         4130    i.WhiteBalance_task  app.o
    0x080052cc   0x000003a4   Code   RO         3807    i.White_Balance     tcs230.o
    0x08005670   0x00000498   Code   RO         3808    i.White_Line_Deviation  tcs230.o
    0x08005b08   0x00000020   Code   RO         4864    i.__0printf$1       mc_w.l(printf1.o)(mc_w.l)
    0x08005b28   0x0000000e   Code   RO         5150    i.__scatterload_copy  mc_w.l(handlers.o)(mc_w.l)
    0x08005b36   0x00000002   Code   RO         5151    i.__scatterload_null  mc_w.l(handlers.o)(mc_w.l)
    0x08005b38   0x0000000e   Code   RO         5152    i.__scatterload_zeroinit  mc_w.l(handlers.o)(mc_w.l)
    0x08005b46   0x00000002   PAD
    0x08005b48   0x0000000c   Code   RO         5130    i.__set_errno       mc_w.l(errno.o)(mc_w.l)
    0x08005b54   0x00000154   Code   RO         4871    i._printf_core      mc_w.l(printf1.o)(mc_w.l)
    0x08005ca8   0x000000a4   Code   RO         3460    i.float2str         lcd12864.o
    0x08005d4c   0x00000024   Code   RO         3637    i.fputc             usart.o
    0x08005d70   0x00000060   Code   RO         3461    i.int2str           lcd12864.o
    0x08005dd0   0x00000028   Code   RO           10    i.main              main.o
    0x08005df8   0x0000004a   Code   RO         4809    i.sqrt              m_ws.l(sqrt.o)(m_ws.l)
    0x08005e42   0x000001ec   Data   RO         3462    .constdata          lcd12864.o
    0x0800602e   0x00000002   PAD
    0x08006030   0x00000022   Data   RO         3810    .constdata          tcs230.o
    0x08006052   0x00000100   Data   RO         4234    .constdata          os_core.o
    0x08006152   0x00000002   PAD
    0x08006154   0x00000020   Data   RO         5148    Region$$Table       anon$$obj.o


    Execution Region RW_IRAM1 (Base: 0x20000000, Size: 0x00003c78, Max: 0x00005000, ABSOLUTE)

    Base Addr    Size         Type   Attr      Idx    E Section Name        Object

    0x20000000   0x00000009   Data   RW          201    .data               stm32f10x_it.o
    0x20000009   0x00000014   Data   RW         1912    .data               stm32f10x_rcc.o
    0x2000001d   0x00000003   PAD
    0x20000020   0x00000014   Data   RW         3302    .data               system_stm32f10x.o
    0x20000034   0x0000000a   Data   RW         3811    .data               tcs230.o
    0x2000003e   0x00000002   PAD
    0x20000040   0x0000000d   Data   RW         4132    .data               app.o
    0x2000004d   0x00000003   PAD
    0x20000050   0x00000040   Data   RW         4235    .data               os_core.o
    0x20000090   0x00000004   Data   RW         5117    .data               mc_w.l(stdout.o)(mc_w.l)
    0x20000094   0x00000004   Data   RW         5131    .data               mc_w.l(errno.o)(mc_w.l)
    0x20000098   0x00000200   Zero   RW           11    .bss                main.o
    0x20000298   0x00000474   Zero   RW         3809    .bss                tcs230.o
    0x2000070c   0x00001600   Zero   RW         4131    .bss                app.o
    0x20001d0c   0x00001b68   Zero   RW         4233    .bss                os_core.o
    0x20003874   0x00000004   PAD
    0x20003878   0x00000400   Zero   RW            1    STACK               startup_stm32f10x_hd.o


==============================================================================

Image component sizes


      Code (inc. data)   RO Data    RW Data    ZI Data      Debug   Object Name

      1032        158          0         13       5632          0   app.o
       136         12          0          0          0          0   bsp.o
       212         10          0          0          0          0   can.o
        74          0          0          0          0          0   exti.o
       180          0          0          0          0          0   flash.o
        56          0          0          0          0          0   gpio.o
       868         46        492          0          0          0   lcd12864.o
        40         10          0          0        512          0   main.o
       152         24          0          0          0          0   misc.o
       106          0          0          0          0          0   nvic.o
      2068        356        256         64       7016          0   os_core.o
       164         32          0          0          0          0   os_cpu_a.o
       170          0          0          0          0          0   os_cpu_c.o
       182         10          0          0          0          0   os_sem.o
      1090         78          0          0          0          0   os_task.o
       276         20          0          0          0          0   os_time.o
        98          0          0          0          0          0   rcc.o
        36          8        304          0       1024          0   startup_stm32f10x_hd.o
      1364         58          0          0          0          0   stm32f10x_can.o
       208         22          0          0          0          0   stm32f10x_exti.o
       382         44          0          0          0          0   stm32f10x_flash.o
       508         10          0          0          0          0   stm32f10x_gpio.o
      1250        114          0          9          0          0   stm32f10x_it.o
       752        104          0         20          0          0   stm32f10x_rcc.o
      1536        216          0          0          0          0   stm32f10x_tim.o
       472          6          0          0          0          0   stm32f10x_usart.o
       304         26          0         20          0          0   system_stm32f10x.o
      6448        370         34         10       1140          0   tcs230.o
       792         30          0          0          0          0   tim.o
       170         12          0          0          0          0   usart.o

    ----------------------------------------------------------------------
     21172       1776       1122        144      15328          0   Object Totals
         0          0         32          0          0          0   (incl. Generated)
        46          0          4          8          4          2   (incl. Padding)

    ----------------------------------------------------------------------

      Code (inc. data)   RO Data    RW Data    ZI Data      Debug   Library Member Name

        74          0          0          0          0          0   sqrt.o
         0          0          0          0          0          0   entry.o
         8          4          0          0          0          0   entry2.o
         4          0          0          0          0          0   entry5.o
         8          4          0          0          0          0   entry7.o
        12          6          0          4          0          0   errno.o
        30          0          0          0          0          0   handlers.o
        36          8          0          0          0          0   init.o
         0          0          0          0          0          0   iusefp.o
        30          0          0          0          0          0   llshl.o
        36          0          0          0          0          0   llsshr.o
        32          0          0          0          0          0   llushr.o
       372         16          0          0          0          0   printf1.o
         0          0          0          4          0          0   stdout.o
        44          0          0          0          0          0   uidiv.o
        40          2          0          0          0          0   cdcmple.o
        20          0          0          0          0          0   cfcmple.o
        56          0          0          0          0          0   d2f.o
       330          0          0          0          0          0   dadd.o
       222          0          0          0          0          0   ddiv.o
       194          0          0          0          0          0   depilogue.o
        46          0          0          0          0          0   dfixui.o
        34          0          0          0          0          0   dflti.o
       226          0          0          0          0          0   dmul.o
       160          0          0          0          0          0   dsqrt.o
        44          0          0          0          0          0   f2d.o
       176          0          0          0          0          0   fadd.o
       128          0          0          0          0          0   fdiv.o
       112          0          0          0          0          0   fepilogue.o
        40          0          0          0          0          0   ffixui.o
        18          0          0          0          0          0   fflti.o
        10          0          0          0          0          0   ffltui.o
       108          0          0          0          0          0   fmul.o

    ----------------------------------------------------------------------
      2654         40          0          8          0          0   Library Totals
         4          0          0          0          0          0   (incl. Padding)

    ----------------------------------------------------------------------

      Code (inc. data)   RO Data    RW Data    ZI Data      Debug   Library Name

        74          0          0          0          0         84   m_ws.l
       612         38          0          8          0        600   mc_w.l
      1964          2          0          0          0       1740   mf_w.l

    ----------------------------------------------------------------------
      2654         40          0          8          0          0   Library Totals

    ----------------------------------------------------------------------

==============================================================================


      Code (inc. data)   RO Data    RW Data    ZI Data      Debug   

     23826       1816       1122        152      15328     647760   Grand Totals
     23826       1816       1122        152      15328     647760   ELF Image Totals
     23826       1816       1122        152          0          0   ROM Totals

==============================================================================

    Total RO  Size (Code + RO Data)                24948 (  24.36kB)
    Total RW  Size (RW Data + ZI Data)             15480 (  15.12kB)
    Total ROM Size (Code + RO Data + RW Data)      25100 (  24.51kB)

==============================================================================

